Archive member included to satisfy reference by file (symbol)

c:/progra~1/raspbe~1/picosd~1.1/gcc-ar~1/bin/../lib/gcc/arm-none-eabi/10.3.1/thumb/v6-m/nofp\libgcc.a(_dvmd_tls.o)
                              CMakeFiles/firmware.dir/C_/Program_Files/Raspberry_Pi/Pico_SDK_v1.5.1/pico-sdk/src/rp2_common/pico_divider/divider.S.obj (__aeabi_idiv0)
c:/progra~1/raspbe~1/picosd~1.1/gcc-ar~1/bin/../lib/gcc/arm-none-eabi/10.3.1/../../../../arm-none-eabi/lib/thumb/v6-m/nofp\libg.a(lib_a-calloc.o)
                              CMakeFiles/firmware.dir/C_/Program_Files/Raspberry_Pi/Pico_SDK_v1.5.1/pico-sdk/src/rp2_common/pico_malloc/pico_malloc.c.obj (calloc)
c:/progra~1/raspbe~1/picosd~1.1/gcc-ar~1/bin/../lib/gcc/arm-none-eabi/10.3.1/../../../../arm-none-eabi/lib/thumb/v6-m/nofp\libg.a(lib_a-callocr.o)
                              c:/progra~1/raspbe~1/picosd~1.1/gcc-ar~1/bin/../lib/gcc/arm-none-eabi/10.3.1/../../../../arm-none-eabi/lib/thumb/v6-m/nofp\libg.a(lib_a-calloc.o) (_calloc_r)
c:/progra~1/raspbe~1/picosd~1.1/gcc-ar~1/bin/../lib/gcc/arm-none-eabi/10.3.1/../../../../arm-none-eabi/lib/thumb/v6-m/nofp\libg.a(lib_a-errno.o)
                              c:/progra~1/raspbe~1/picosd~1.1/gcc-ar~1/bin/../lib/gcc/arm-none-eabi/10.3.1/../../../../arm-none-eabi/lib/thumb/v6-m/nofp\libg.a(lib_a-callocr.o) (__errno)
c:/progra~1/raspbe~1/picosd~1.1/gcc-ar~1/bin/../lib/gcc/arm-none-eabi/10.3.1/../../../../arm-none-eabi/lib/thumb/v6-m/nofp\libg.a(lib_a-impure.o)
                              c:/progra~1/raspbe~1/picosd~1.1/gcc-ar~1/bin/../lib/gcc/arm-none-eabi/10.3.1/../../../../arm-none-eabi/lib/thumb/v6-m/nofp\libg.a(lib_a-calloc.o) (_impure_ptr)
c:/progra~1/raspbe~1/picosd~1.1/gcc-ar~1/bin/../lib/gcc/arm-none-eabi/10.3.1/../../../../arm-none-eabi/lib/thumb/v6-m/nofp\libg.a(lib_a-init.o)
                              c:/progra~1/raspbe~1/picosd~1.1/gcc-ar~1/bin/../lib/gcc/arm-none-eabi/10.3.1/../../../../arm-none-eabi/lib/thumb/v6-m/nofp/crt0.o (__libc_init_array)
c:/progra~1/raspbe~1/picosd~1.1/gcc-ar~1/bin/../lib/gcc/arm-none-eabi/10.3.1/../../../../arm-none-eabi/lib/thumb/v6-m/nofp\libg.a(lib_a-malloc.o)
                              CMakeFiles/firmware.dir/C_/Program_Files/Raspberry_Pi/Pico_SDK_v1.5.1/pico-sdk/src/rp2_common/pico_malloc/pico_malloc.c.obj (malloc)
c:/progra~1/raspbe~1/picosd~1.1/gcc-ar~1/bin/../lib/gcc/arm-none-eabi/10.3.1/../../../../arm-none-eabi/lib/thumb/v6-m/nofp\libg.a(lib_a-mallocr.o)
                              c:/progra~1/raspbe~1/picosd~1.1/gcc-ar~1/bin/../lib/gcc/arm-none-eabi/10.3.1/../../../../arm-none-eabi/lib/thumb/v6-m/nofp\libg.a(lib_a-callocr.o) (_malloc_r)
c:/progra~1/raspbe~1/picosd~1.1/gcc-ar~1/bin/../lib/gcc/arm-none-eabi/10.3.1/../../../../arm-none-eabi/lib/thumb/v6-m/nofp\libg.a(lib_a-mlock.o)
                              c:/progra~1/raspbe~1/picosd~1.1/gcc-ar~1/bin/../lib/gcc/arm-none-eabi/10.3.1/../../../../arm-none-eabi/lib/thumb/v6-m/nofp\libg.a(lib_a-mallocr.o) (__malloc_lock)
c:/progra~1/raspbe~1/picosd~1.1/gcc-ar~1/bin/../lib/gcc/arm-none-eabi/10.3.1/../../../../arm-none-eabi/lib/thumb/v6-m/nofp\libg.a(lib_a-realloc.o)
                              CMakeFiles/firmware.dir/C_/Program_Files/Raspberry_Pi/Pico_SDK_v1.5.1/pico-sdk/src/rp2_common/pico_malloc/pico_malloc.c.obj (realloc)
c:/progra~1/raspbe~1/picosd~1.1/gcc-ar~1/bin/../lib/gcc/arm-none-eabi/10.3.1/../../../../arm-none-eabi/lib/thumb/v6-m/nofp\libg.a(lib_a-reallocr.o)
                              c:/progra~1/raspbe~1/picosd~1.1/gcc-ar~1/bin/../lib/gcc/arm-none-eabi/10.3.1/../../../../arm-none-eabi/lib/thumb/v6-m/nofp\libg.a(lib_a-realloc.o) (_realloc_r)
c:/progra~1/raspbe~1/picosd~1.1/gcc-ar~1/bin/../lib/gcc/arm-none-eabi/10.3.1/../../../../arm-none-eabi/lib/thumb/v6-m/nofp\libg.a(lib_a-sbrkr.o)
                              c:/progra~1/raspbe~1/picosd~1.1/gcc-ar~1/bin/../lib/gcc/arm-none-eabi/10.3.1/../../../../arm-none-eabi/lib/thumb/v6-m/nofp\libg.a(lib_a-mallocr.o) (_sbrk_r)
c:/progra~1/raspbe~1/picosd~1.1/gcc-ar~1/bin/../lib/gcc/arm-none-eabi/10.3.1/../../../../arm-none-eabi/lib/thumb/v6-m/nofp\libg.a(lib_a-strlen-stub.o)
                              CMakeFiles/firmware.dir/src/tusb/usb_descriptors.c.obj (strlen)
c:/progra~1/raspbe~1/picosd~1.1/gcc-ar~1/bin/../lib/gcc/arm-none-eabi/10.3.1/../../../../arm-none-eabi/lib/thumb/v6-m/nofp\libg.a(lib_a-freer.o)
                              c:/progra~1/raspbe~1/picosd~1.1/gcc-ar~1/bin/../lib/gcc/arm-none-eabi/10.3.1/../../../../arm-none-eabi/lib/thumb/v6-m/nofp\libg.a(lib_a-malloc.o) (_free_r)
c:/progra~1/raspbe~1/picosd~1.1/gcc-ar~1/bin/../lib/gcc/arm-none-eabi/10.3.1/../../../../arm-none-eabi/lib/thumb/v6-m/nofp\libg.a(lib_a-lock.o)
                              c:/progra~1/raspbe~1/picosd~1.1/gcc-ar~1/bin/../lib/gcc/arm-none-eabi/10.3.1/../../../../arm-none-eabi/lib/thumb/v6-m/nofp\libg.a(lib_a-mlock.o) (__retarget_lock_acquire_recursive)
[...]
Memory Configuration

Name             Origin             Length             Attributes
FLASH            0x10000000         0x00200000         xr
RAM              0x20000000         0x00040000         xrw
SCRATCH_X        0x20040000         0x00001000         xrw
SCRATCH_Y        0x20041000         0x00001000         xrw
*default*        0x00000000         0xffffffff

Linker script and memory map

LOAD c:/progra~1/raspbe~1/picosd~1.1/gcc-ar~1/bin/../lib/gcc/arm-none-eabi/10.3.1/thumb/v6-m/nofp/crti.o
LOAD c:/progra~1/raspbe~1/picosd~1.1/gcc-ar~1/bin/../lib/gcc/arm-none-eabi/10.3.1/thumb/v6-m/nofp/crtbegin.o
LOAD c:/progra~1/raspbe~1/picosd~1.1/gcc-ar~1/bin/../lib/gcc/arm-none-eabi/10.3.1/../../../../arm-none-eabi/lib/thumb/v6-m/nofp/crt0.o

.flash_begin    0x10000000        0x0
                0x10000000                __flash_binary_start = .

.boot2          0x10000000      0x100
                0x10000000                __boot2_start__ = .
 *(.boot2)
 .boot2         0x10000000      0x100 C:\Users\user\AppData\Local\Temp\ccIJtvez.o
                0x10000100                __boot2_end__ = .
                0x00000001                ASSERT (((__boot2_end__ - __boot2_start__) == 0x100), ERROR: Pico second stage bootloader must be 256 bytes in size)

.text           0x10000100     0x6f40
                0x10000100                __logical_binary_start = .
 *(.vectors)
 .vectors       0x10000100       0xd4 CMakeFiles/firmware.dir/C_/Program_Files/Raspberry_Pi/Pico_SDK_v1.5.1/pico-sdk/src/rp2_common/pico_standard_link/crt0.S.obj
                0x10000100                __VECTOR_TABLE
                0x10000100                __vectors
                0x100001c0                isr_invalid
                0x100001c0                __default_isrs_start
                0x100001c2                isr_nmi
                0x100001c4                isr_hardfault
                0x100001c6                isr_svcall
                0x100001c8                isr_pendsv
                0x100001ca                isr_systick
                0x100001cc                isr_irq23
                0x100001cc                isr_irq18
                0x100001cc                isr_irq11
                0x100001cc                isr_irq28
                0x100001cc                isr_irq19
                0x100001cc                isr_irq0
                0x100001cc                isr_irq6
                0x100001cc                isr_irq5
                0x100001cc                isr_irq12
                0x100001cc                isr_irq22
                0x100001cc                isr_irq31
                0x100001cc                isr_irq17
                0x100001cc                isr_irq27
                0x100001cc                isr_irq30
                0x100001cc                isr_irq2
                0x100001cc                isr_irq10
                0x100001cc                isr_irq8
                0x100001cc                isr_irq24
                0x100001cc                isr_irq1
                0x100001cc                isr_irq7
                0x100001cc                isr_irq21
                0x100001cc                isr_irq20
                0x100001cc                isr_irq15
                0x100001cc                isr_irq25
                0x100001cc                isr_irq13
                0x100001cc                __unhandled_user_irq
                0x100001cc                isr_irq4
                0x100001cc                isr_irq16
                0x100001cc                isr_irq29
                0x100001cc                isr_irq26
                0x100001cc                __default_isrs_end
                0x100001cc                isr_irq3
                0x100001cc                isr_irq14
                0x100001cc                isr_irq9
                0x100001d2                unhandled_user_irq_num_in_r0
 *(.binary_info_header)
 .binary_info_header
                0x100001d4       0x14 CMakeFiles/firmware.dir/C_/Program_Files/Raspberry_Pi/Pico_SDK_v1.5.1/pico-sdk/src/rp2_common/pico_standard_link/crt0.S.obj
                0x100001e8                __binary_info_header_end = .
 *(.reset)
 .reset         0x100001e8       0xa0 CMakeFiles/firmware.dir/C_/Program_Files/Raspberry_Pi/Pico_SDK_v1.5.1/pico-sdk/src/rp2_common/pico_standard_link/crt0.S.obj
                0x100001e8                _entry_point
 .reset         0x10000288       0x30 CMakeFiles/firmware.dir/C_/Program_Files/Raspberry_Pi/Pico_SDK_v1.5.1/pico-sdk/src/rp2_common/pico_standard_link/binary_info.c.obj
 *(.init)
 .init          0x100002b8        0x4 c:/progra~1/raspbe~1/picosd~1.1/gcc-ar~1/bin/../lib/gcc/arm-none-eabi/10.3.1/thumb/v6-m/nofp/crti.o
                0x100002b8                _init
 *(EXCLUDE_FILE(*libm.a: *libc.a:*lib_a-mem*.o *libgcc.a:) .text*)
 .text          0x100002bc       0x48 c:/progra~1/raspbe~1/picosd~1.1/gcc-ar~1/bin/../lib/gcc/arm-none-eabi/10.3.1/thumb/v6-m/nofp/crtbegin.o
 .text.main     0x10000304       0x28 CMakeFiles/firmware.dir/src/main.c.obj
                0x10000304                main
 .text.tud_mount_cb
                0x1000032c       0x10 CMakeFiles/firmware.dir/src/tusb/tud_utils.c.obj
                0x1000032c                tud_mount_cb
 .text.tud_umount_cb
                0x1000033c        0xc CMakeFiles/firmware.dir/src/tusb/tud_utils.c.obj
                0x1000033c                tud_umount_cb
 .text.tud_suspend_cb
                0x10000348       0x10 CMakeFiles/firmware.dir/src/tusb/tud_utils.c.obj
                0x10000348                tud_suspend_cb
 .text.tud_resume_cb
                0x10000358       0x10 CMakeFiles/firmware.dir/src/tusb/tud_utils.c.obj
                0x10000358                tud_resume_cb
 .text.boot_key_modifier
                0x10000368       0x1a CMakeFiles/firmware.dir/src/tusb/tud_utils.c.obj
                0x10000368                boot_key_modifier
 .text.tud_hid_nkro_keyboard_report
                0x10000382       0x8c CMakeFiles/firmware.dir/src/tusb/tud_utils.c.obj
                0x10000382                tud_hid_nkro_keyboard_report
 *fill*         0x1000040e        0x2 
 .text.hid_task
                0x10000410       0xf0 CMakeFiles/firmware.dir/src/tusb/tud_utils.c.obj
                0x10000410                hid_task
 .text.tud_hid_get_report_cb
                0x10000500        0x4 CMakeFiles/firmware.dir/src/tusb/tud_utils.c.obj
                0x10000500                tud_hid_get_report_cb
 .text.tud_hid_set_report_cb
                0x10000504        0x2 CMakeFiles/firmware.dir/src/tusb/tud_utils.c.obj
                0x10000504                tud_hid_set_report_cb
 *fill*         0x10000506        0x2 
 .text.led_blinking_task
                0x10000508       0x6c CMakeFiles/firmware.dir/src/tusb/tud_utils.c.obj
                0x10000508                led_blinking_task
 .text.cdc_task
                0x10000574       0x2e CMakeFiles/firmware.dir/src/tusb/tud_utils.c.obj
                0x10000574                cdc_task
 *fill*         0x100005a2        0x2 
 .text.tud_descriptor_device_cb
                0x100005a4        0x8 CMakeFiles/firmware.dir/src/tusb/usb_descriptors.c.obj
                0x100005a4                tud_descriptor_device_cb
 .text.tud_hid_descriptor_report_cb
                0x100005ac        0x8 CMakeFiles/firmware.dir/src/tusb/usb_descriptors.c.obj
                0x100005ac                tud_hid_descriptor_report_cb
 .text.tud_descriptor_configuration_cb
                0x100005b4        0x8 CMakeFiles/firmware.dir/src/tusb/usb_descriptors.c.obj
                0x100005b4                tud_descriptor_configuration_cb
 .text.tud_descriptor_string_cb
                0x100005bc       0x60 CMakeFiles/firmware.dir/src/tusb/usb_descriptors.c.obj
                0x100005bc                tud_descriptor_string_cb
 .text.gpio_set_function
                0x1000061c       0x30 CMakeFiles/firmware.dir/C_/Program_Files/Raspberry_Pi/Pico_SDK_v1.5.1/pico-sdk/src/rp2_common/hardware_gpio/gpio.c.obj
                0x1000061c                gpio_set_function
 .text.gpio_init
                0x1000064c       0x16 CMakeFiles/firmware.dir/C_/Program_Files/Raspberry_Pi/Pico_SDK_v1.5.1/pico-sdk/src/rp2_common/hardware_gpio/gpio.c.obj
                0x1000064c                gpio_init
 *fill*         0x10000662        0x2 
 .text.running_on_fpga
                0x10000664       0x14 CMakeFiles/firmware.dir/C_/Program_Files/Raspberry_Pi/Pico_SDK_v1.5.1/pico-sdk/src/rp2_common/pico_platform/platform.c.obj
                0x10000664                running_on_fpga
 .text.hw_claim_lock
                0x10000678       0x18 CMakeFiles/firmware.dir/C_/Program_Files/Raspberry_Pi/Pico_SDK_v1.5.1/pico-sdk/src/rp2_common/hardware_claim/claim.c.obj
                0x10000678                hw_claim_lock
 .text.hw_claim_unlock
                0x10000690       0x14 CMakeFiles/firmware.dir/C_/Program_Files/Raspberry_Pi/Pico_SDK_v1.5.1/pico-sdk/src/rp2_common/hardware_claim/claim.c.obj
                0x10000690                hw_claim_unlock
 .text.hw_claim_or_assert
                0x100006a4       0x32 CMakeFiles/firmware.dir/C_/Program_Files/Raspberry_Pi/Pico_SDK_v1.5.1/pico-sdk/src/rp2_common/hardware_claim/claim.c.obj
                0x100006a4                hw_claim_or_assert
 .text.hw_claim_unused_from_range
                0x100006d6       0x50 CMakeFiles/firmware.dir/C_/Program_Files/Raspberry_Pi/Pico_SDK_v1.5.1/pico-sdk/src/rp2_common/hardware_claim/claim.c.obj
                0x100006d6                hw_claim_unused_from_range
 *fill*         0x10000726        0x2 
 .text.spin_locks_reset
                0x10000728       0x20 CMakeFiles/firmware.dir/C_/Program_Files/Raspberry_Pi/Pico_SDK_v1.5.1/pico-sdk/src/rp2_common/hardware_sync/sync.c.obj
                0x10000728                spin_locks_reset
 .text.next_striped_spin_lock_num
                0x10000748       0x1c CMakeFiles/firmware.dir/C_/Program_Files/Raspberry_Pi/Pico_SDK_v1.5.1/pico-sdk/src/rp2_common/hardware_sync/sync.c.obj
                0x10000748                next_striped_spin_lock_num
 .text.spin_lock_claim_unused
                0x10000764       0x20 CMakeFiles/firmware.dir/C_/Program_Files/Raspberry_Pi/Pico_SDK_v1.5.1/pico-sdk/src/rp2_common/hardware_sync/sync.c.obj
                0x10000764                spin_lock_claim_unused
 .text.set_raw_irq_handler_and_unlock
                0x10000784       0x28 CMakeFiles/firmware.dir/C_/Program_Files/Raspberry_Pi/Pico_SDK_v1.5.1/pico-sdk/src/rp2_common/hardware_irq/irq.c.obj
 .text.make_branch
                0x100007ac       0x48 CMakeFiles/firmware.dir/C_/Program_Files/Raspberry_Pi/Pico_SDK_v1.5.1/pico-sdk/src/rp2_common/hardware_irq/irq.c.obj
 .text.insert_branch_and_link
                0x100007f4       0x40 CMakeFiles/firmware.dir/C_/Program_Files/Raspberry_Pi/Pico_SDK_v1.5.1/pico-sdk/src/rp2_common/hardware_irq/irq.c.obj
 .text.irq_is_enabled
                0x10000834       0x18 CMakeFiles/firmware.dir/C_/Program_Files/Raspberry_Pi/Pico_SDK_v1.5.1/pico-sdk/src/rp2_common/hardware_irq/irq.c.obj
                0x10000834                irq_is_enabled
 .text.irq_set_mask_enabled
                0x1000084c       0x20 CMakeFiles/firmware.dir/C_/Program_Files/Raspberry_Pi/Pico_SDK_v1.5.1/pico-sdk/src/rp2_common/hardware_irq/irq.c.obj
                0x1000084c                irq_set_mask_enabled
 .text.irq_set_enabled
                0x1000086c        0xe CMakeFiles/firmware.dir/C_/Program_Files/Raspberry_Pi/Pico_SDK_v1.5.1/pico-sdk/src/rp2_common/hardware_irq/irq.c.obj
                0x1000086c                irq_set_enabled
 *fill*         0x1000087a        0x2 
 .text.irq_get_vtable_handler
                0x1000087c       0x10 CMakeFiles/firmware.dir/C_/Program_Files/Raspberry_Pi/Pico_SDK_v1.5.1/pico-sdk/src/rp2_common/hardware_irq/irq.c.obj
                0x1000087c                irq_get_vtable_handler
 .text.irq_set_exclusive_handler
                0x1000088c       0x54 CMakeFiles/firmware.dir/C_/Program_Files/Raspberry_Pi/Pico_SDK_v1.5.1/pico-sdk/src/rp2_common/hardware_irq/irq.c.obj
                0x1000088c                irq_set_exclusive_handler
 .text.irq_add_shared_handler
                0x100008e0      0x234 CMakeFiles/firmware.dir/C_/Program_Files/Raspberry_Pi/Pico_SDK_v1.5.1/pico-sdk/src/rp2_common/hardware_irq/irq.c.obj
                0x100008e0                irq_add_shared_handler
 .text.irq_remove_handler
                0x10000b14      0x1ac CMakeFiles/firmware.dir/C_/Program_Files/Raspberry_Pi/Pico_SDK_v1.5.1/pico-sdk/src/rp2_common/hardware_irq/irq.c.obj
                0x10000b14                irq_remove_handler
 .text.irq_add_tail_to_free_list
                0x10000cc0       0xf0 CMakeFiles/firmware.dir/C_/Program_Files/Raspberry_Pi/Pico_SDK_v1.5.1/pico-sdk/src/rp2_common/hardware_irq/irq.c.obj
                0x10000cc0                irq_add_tail_to_free_list
 .text.irq_init_priorities
                0x10000db0       0x1c CMakeFiles/firmware.dir/C_/Program_Files/Raspberry_Pi/Pico_SDK_v1.5.1/pico-sdk/src/rp2_common/hardware_irq/irq.c.obj
                0x10000db0                irq_init_priorities
 .text.lock_init
                0x10000dcc       0x10 CMakeFiles/firmware.dir/C_/Program_Files/Raspberry_Pi/Pico_SDK_v1.5.1/pico-sdk/src/common/pico_sync/lock_core.c.obj
                0x10000dcc                lock_init
 .text.mutex_init
                0x10000ddc       0x1a CMakeFiles/firmware.dir/C_/Program_Files/Raspberry_Pi/Pico_SDK_v1.5.1/pico-sdk/src/common/pico_sync/mutex.c.obj
                0x10000ddc                mutex_init
 .text.recursive_mutex_init
                0x10000df6       0x1e CMakeFiles/firmware.dir/C_/Program_Files/Raspberry_Pi/Pico_SDK_v1.5.1/pico-sdk/src/common/pico_sync/mutex.c.obj
                0x10000df6                recursive_mutex_init
 .text.critical_section_init_with_lock_num
                0x10000e14       0x14 CMakeFiles/firmware.dir/C_/Program_Files/Raspberry_Pi/Pico_SDK_v1.5.1/pico-sdk/src/common/pico_sync/critical_section.c.obj
                0x10000e14                critical_section_init_with_lock_num
 .text.critical_section_init
                0x10000e28       0x14 CMakeFiles/firmware.dir/C_/Program_Files/Raspberry_Pi/Pico_SDK_v1.5.1/pico-sdk/src/common/pico_sync/critical_section.c.obj
                0x10000e28                critical_section_init
 .text.alarm_pool_post_alloc_init
                0x10000e3c       0x40 CMakeFiles/firmware.dir/C_/Program_Files/Raspberry_Pi/Pico_SDK_v1.5.1/pico-sdk/src/common/pico_time/time.c.obj
 .text.sleep_until_callback
                0x10000e7c       0x30 CMakeFiles/firmware.dir/C_/Program_Files/Raspberry_Pi/Pico_SDK_v1.5.1/pico-sdk/src/common/pico_time/time.c.obj
 .text.timer_pool_entry_comparator
                0x10000eac       0x7c CMakeFiles/firmware.dir/C_/Program_Files/Raspberry_Pi/Pico_SDK_v1.5.1/pico-sdk/src/common/pico_time/time.c.obj
                0x10000eac                timer_pool_entry_comparator
 .text.ph_add_child_node
                0x10000f28       0xa4 CMakeFiles/firmware.dir/C_/Program_Files/Raspberry_Pi/Pico_SDK_v1.5.1/pico-sdk/src/common/pico_time/time.c.obj
 .text.ph_merge_nodes
                0x10000fcc       0x3e CMakeFiles/firmware.dir/C_/Program_Files/Raspberry_Pi/Pico_SDK_v1.5.1/pico-sdk/src/common/pico_time/time.c.obj
 *fill*         0x1000100a        0x2 
 .text.add_alarm_under_lock
                0x1000100c      0x174 CMakeFiles/firmware.dir/C_/Program_Files/Raspberry_Pi/Pico_SDK_v1.5.1/pico-sdk/src/common/pico_time/time.c.obj
 .text.alarm_pool_alarm_callback
                0x10001180      0x33c CMakeFiles/firmware.dir/C_/Program_Files/Raspberry_Pi/Pico_SDK_v1.5.1/pico-sdk/src/common/pico_time/time.c.obj
 .text.alarm_pool_init_default
                0x100014bc       0x40 CMakeFiles/firmware.dir/C_/Program_Files/Raspberry_Pi/Pico_SDK_v1.5.1/pico-sdk/src/common/pico_time/time.c.obj
                0x100014bc                alarm_pool_init_default
 .text.alarm_pool_get_default
                0x100014fc       0x2c CMakeFiles/firmware.dir/C_/Program_Files/Raspberry_Pi/Pico_SDK_v1.5.1/pico-sdk/src/common/pico_time/time.c.obj
                0x100014fc                alarm_pool_get_default
 .text.alarm_pool_add_alarm_at
                0x10001528      0x168 CMakeFiles/firmware.dir/C_/Program_Files/Raspberry_Pi/Pico_SDK_v1.5.1/pico-sdk/src/common/pico_time/time.c.obj
                0x10001528                alarm_pool_add_alarm_at
 .text.alarm_pool_cancel_alarm
                0x10001690       0xf8 CMakeFiles/firmware.dir/C_/Program_Files/Raspberry_Pi/Pico_SDK_v1.5.1/pico-sdk/src/common/pico_time/time.c.obj
                0x10001690                alarm_pool_cancel_alarm
 .text.best_effort_wfe_or_timeout
                0x10001788       0xac CMakeFiles/firmware.dir/C_/Program_Files/Raspberry_Pi/Pico_SDK_v1.5.1/pico-sdk/src/common/pico_time/time.c.obj
                0x10001788                best_effort_wfe_or_timeout
 .text.hardware_alarm_irq_handler
                0x10001834       0x90 CMakeFiles/firmware.dir/C_/Program_Files/Raspberry_Pi/Pico_SDK_v1.5.1/pico-sdk/src/rp2_common/hardware_timer/timer.c.obj
 .text.hardware_alarm_claim
                0x100018c4       0x18 CMakeFiles/firmware.dir/C_/Program_Files/Raspberry_Pi/Pico_SDK_v1.5.1/pico-sdk/src/rp2_common/hardware_timer/timer.c.obj
                0x100018c4                hardware_alarm_claim
 .text.time_us_64
                0x100018dc       0x18 CMakeFiles/firmware.dir/C_/Program_Files/Raspberry_Pi/Pico_SDK_v1.5.1/pico-sdk/src/rp2_common/hardware_timer/timer.c.obj
                0x100018dc                time_us_64
 .text.busy_wait_until
                0x100018f4       0x28 CMakeFiles/firmware.dir/C_/Program_Files/Raspberry_Pi/Pico_SDK_v1.5.1/pico-sdk/src/rp2_common/hardware_timer/timer.c.obj
                0x100018f4                busy_wait_until
 .text.busy_wait_us
                0x1000191c       0x48 CMakeFiles/firmware.dir/C_/Program_Files/Raspberry_Pi/Pico_SDK_v1.5.1/pico-sdk/src/rp2_common/hardware_timer/timer.c.obj
                0x1000191c                busy_wait_us
 .text.hardware_alarm_set_callback
                0x10001964       0x90 CMakeFiles/firmware.dir/C_/Program_Files/Raspberry_Pi/Pico_SDK_v1.5.1/pico-sdk/src/rp2_common/hardware_timer/timer.c.obj
                0x10001964                hardware_alarm_set_callback
 .text.hardware_alarm_set_target
                0x100019f4       0xe8 CMakeFiles/firmware.dir/C_/Program_Files/Raspberry_Pi/Pico_SDK_v1.5.1/pico-sdk/src/rp2_common/hardware_timer/timer.c.obj
                0x100019f4                hardware_alarm_set_target
 .text.hardware_alarm_cancel
                0x10001adc       0x40 CMakeFiles/firmware.dir/C_/Program_Files/Raspberry_Pi/Pico_SDK_v1.5.1/pico-sdk/src/rp2_common/hardware_timer/timer.c.obj
                0x10001adc                hardware_alarm_cancel
 .text.ph_add_child_node
                0x10001b1c       0xa4 CMakeFiles/firmware.dir/C_/Program_Files/Raspberry_Pi/Pico_SDK_v1.5.1/pico-sdk/src/common/pico_util/pheap.c.obj
 .text.ph_merge_nodes
                0x10001bc0       0x3e CMakeFiles/firmware.dir/C_/Program_Files/Raspberry_Pi/Pico_SDK_v1.5.1/pico-sdk/src/common/pico_util/pheap.c.obj
 *fill*         0x10001bfe        0x2 
 .text.ph_clear
                0x10001c00       0x70 CMakeFiles/firmware.dir/C_/Program_Files/Raspberry_Pi/Pico_SDK_v1.5.1/pico-sdk/src/common/pico_util/pheap.c.obj
                0x10001c00                ph_clear
 .text.ph_post_alloc_init
                0x10001c70        0xe CMakeFiles/firmware.dir/C_/Program_Files/Raspberry_Pi/Pico_SDK_v1.5.1/pico-sdk/src/common/pico_util/pheap.c.obj
                0x10001c70                ph_post_alloc_init
 *fill*         0x10001c7e        0x2 
 .text.ph_merge_two_pass
                0x10001c80       0xa8 CMakeFiles/firmware.dir/C_/Program_Files/Raspberry_Pi/Pico_SDK_v1.5.1/pico-sdk/src/common/pico_util/pheap.c.obj
                0x10001c80                ph_merge_two_pass
 .text.ph_remove_any_head
                0x10001d28      0x128 CMakeFiles/firmware.dir/C_/Program_Files/Raspberry_Pi/Pico_SDK_v1.5.1/pico-sdk/src/common/pico_util/pheap.c.obj
 .text.ph_remove_head
                0x10001e50       0x14 CMakeFiles/firmware.dir/C_/Program_Files/Raspberry_Pi/Pico_SDK_v1.5.1/pico-sdk/src/common/pico_util/pheap.c.obj
                0x10001e50                ph_remove_head
 .text.ph_remove_and_free_node
                0x10001e64       0xf8 CMakeFiles/firmware.dir/C_/Program_Files/Raspberry_Pi/Pico_SDK_v1.5.1/pico-sdk/src/common/pico_util/pheap.c.obj
                0x10001e64                ph_remove_and_free_node
 .text.uart_disable_before_lcr_write
                0x10001f5c       0x48 CMakeFiles/firmware.dir/C_/Program_Files/Raspberry_Pi/Pico_SDK_v1.5.1/pico-sdk/src/rp2_common/hardware_uart/uart.c.obj
 .text.uart_write_lcr_bits_masked
                0x10001fa4       0x22 CMakeFiles/firmware.dir/C_/Program_Files/Raspberry_Pi/Pico_SDK_v1.5.1/pico-sdk/src/rp2_common/hardware_uart/uart.c.obj
 *fill*         0x10001fc6        0x2 
 .text.uart_set_baudrate
                0x10001fc8       0x5c CMakeFiles/firmware.dir/C_/Program_Files/Raspberry_Pi/Pico_SDK_v1.5.1/pico-sdk/src/rp2_common/hardware_uart/uart.c.obj
                0x10001fc8                uart_set_baudrate
 .text.uart_set_format
                0x10002024       0x2c CMakeFiles/firmware.dir/C_/Program_Files/Raspberry_Pi/Pico_SDK_v1.5.1/pico-sdk/src/rp2_common/hardware_uart/uart.c.obj
                0x10002024                uart_set_format
 .text.uart_set_translate_crlf
                0x10002050       0x28 CMakeFiles/firmware.dir/C_/Program_Files/Raspberry_Pi/Pico_SDK_v1.5.1/pico-sdk/src/rp2_common/hardware_uart/uart.c.obj
                0x10002050                uart_set_translate_crlf
 .text.uart_init
                0x10002078       0x80 CMakeFiles/firmware.dir/C_/Program_Files/Raspberry_Pi/Pico_SDK_v1.5.1/pico-sdk/src/rp2_common/hardware_uart/uart.c.obj
                0x10002078                uart_init
 .text.clock_configure
                0x100020f8      0x108 CMakeFiles/firmware.dir/C_/Program_Files/Raspberry_Pi/Pico_SDK_v1.5.1/pico-sdk/src/rp2_common/hardware_clocks/clocks.c.obj
                0x100020f8                clock_configure
 .text.clocks_init
                0x10002200      0x100 CMakeFiles/firmware.dir/C_/Program_Files/Raspberry_Pi/Pico_SDK_v1.5.1/pico-sdk/src/rp2_common/hardware_clocks/clocks.c.obj
                0x10002200                clocks_init
 .text.clock_get_hz
                0x10002300        0xc CMakeFiles/firmware.dir/C_/Program_Files/Raspberry_Pi/Pico_SDK_v1.5.1/pico-sdk/src/rp2_common/hardware_clocks/clocks.c.obj
                0x10002300                clock_get_hz
 .text.pll_init
                0x1000230c      0x120 CMakeFiles/firmware.dir/C_/Program_Files/Raspberry_Pi/Pico_SDK_v1.5.1/pico-sdk/src/rp2_common/hardware_pll/pll.c.obj
                0x1000230c                pll_init
 .text.watchdog_start_tick
                0x1000242c       0x10 CMakeFiles/firmware.dir/C_/Program_Files/Raspberry_Pi/Pico_SDK_v1.5.1/pico-sdk/src/rp2_common/hardware_watchdog/watchdog.c.obj
                0x1000242c                watchdog_start_tick
 .text.xosc_init
                0x1000243c       0x28 CMakeFiles/firmware.dir/C_/Program_Files/Raspberry_Pi/Pico_SDK_v1.5.1/pico-sdk/src/rp2_common/hardware_xosc/xosc.c.obj
                0x1000243c                xosc_init
 .text._exit    0x10002464        0x4 CMakeFiles/firmware.dir/C_/Program_Files/Raspberry_Pi/Pico_SDK_v1.5.1/pico-sdk/src/rp2_common/pico_runtime/runtime.c.obj
                0x10002464                _exit
 .text.exit     0x10002468        0x6 CMakeFiles/firmware.dir/C_/Program_Files/Raspberry_Pi/Pico_SDK_v1.5.1/pico-sdk/src/rp2_common/pico_runtime/runtime.c.obj
                0x10002468                exit
 *fill*         0x1000246e        0x2 
 .text.__assert_func
                0x10002470       0x3c CMakeFiles/firmware.dir/C_/Program_Files/Raspberry_Pi/Pico_SDK_v1.5.1/pico-sdk/src/rp2_common/pico_runtime/runtime.c.obj
                0x10002470                __assert_func
 .text.runtime_init
                0x100024ac       0xf8 CMakeFiles/firmware.dir/C_/Program_Files/Raspberry_Pi/Pico_SDK_v1.5.1/pico-sdk/src/rp2_common/pico_runtime/runtime.c.obj
                0x100024ac                runtime_init
 .text.panic    0x100025a4       0x30 CMakeFiles/firmware.dir/C_/Program_Files/Raspberry_Pi/Pico_SDK_v1.5.1/pico-sdk/src/rp2_common/pico_runtime/runtime.c.obj
                0x100025a4                panic
 .text._out_null
                0x100025d4        0x2 CMakeFiles/firmware.dir/C_/Program_Files/Raspberry_Pi/Pico_SDK_v1.5.1/pico-sdk/src/rp2_common/pico_printf/printf.c.obj
 .text._out_fct
                0x100025d6        0xe CMakeFiles/firmware.dir/C_/Program_Files/Raspberry_Pi/Pico_SDK_v1.5.1/pico-sdk/src/rp2_common/pico_printf/printf.c.obj
 .text._atoi    0x100025e4       0x24 CMakeFiles/firmware.dir/C_/Program_Files/Raspberry_Pi/Pico_SDK_v1.5.1/pico-sdk/src/rp2_common/pico_printf/printf.c.obj
 .text._out_rev
                0x10002608       0xae CMakeFiles/firmware.dir/C_/Program_Files/Raspberry_Pi/Pico_SDK_v1.5.1/pico-sdk/src/rp2_common/pico_printf/printf.c.obj
 .text._ntoa_format
                0x100026b6      0x112 CMakeFiles/firmware.dir/C_/Program_Files/Raspberry_Pi/Pico_SDK_v1.5.1/pico-sdk/src/rp2_common/pico_printf/printf.c.obj
 .text._ntoa_long
                0x100027c8       0xbc CMakeFiles/firmware.dir/C_/Program_Files/Raspberry_Pi/Pico_SDK_v1.5.1/pico-sdk/src/rp2_common/pico_printf/printf.c.obj
 .text._ntoa_long_long
                0x10002884       0xe2 CMakeFiles/firmware.dir/C_/Program_Files/Raspberry_Pi/Pico_SDK_v1.5.1/pico-sdk/src/rp2_common/pico_printf/printf.c.obj
 *fill*         0x10002966        0x2 
 .text._etoa    0x10002968      0x414 CMakeFiles/firmware.dir/C_/Program_Files/Raspberry_Pi/Pico_SDK_v1.5.1/pico-sdk/src/rp2_common/pico_printf/printf.c.obj
 .text._ftoa    0x10002d7c      0x354 CMakeFiles/firmware.dir/C_/Program_Files/Raspberry_Pi/Pico_SDK_v1.5.1/pico-sdk/src/rp2_common/pico_printf/printf.c.obj
 .text._vsnprintf
                0x100030d0      0x624 CMakeFiles/firmware.dir/C_/Program_Files/Raspberry_Pi/Pico_SDK_v1.5.1/pico-sdk/src/rp2_common/pico_printf/printf.c.obj
 .text.vfctprintf
                0x100036f4       0x20 CMakeFiles/firmware.dir/C_/Program_Files/Raspberry_Pi/Pico_SDK_v1.5.1/pico-sdk/src/rp2_common/pico_printf/printf.c.obj
                0x100036f4                vfctprintf
 .text          0x10003714       0x10 CMakeFiles/firmware.dir/C_/Program_Files/Raspberry_Pi/Pico_SDK_v1.5.1/pico-sdk/src/rp2_common/pico_bit_ops/bit_ops_aeabi.S.obj
 .text.rom_func_lookup
                0x10003724       0x10 CMakeFiles/firmware.dir/C_/Program_Files/Raspberry_Pi/Pico_SDK_v1.5.1/pico-sdk/src/rp2_common/pico_bootrom/bootrom.c.obj
                0x10003724                rom_func_lookup
 .text.rom_data_lookup
                0x10003734       0x10 CMakeFiles/firmware.dir/C_/Program_Files/Raspberry_Pi/Pico_SDK_v1.5.1/pico-sdk/src/rp2_common/pico_bootrom/bootrom.c.obj
                0x10003734                rom_data_lookup
 .text.rom_funcs_lookup
                0x10003744       0x36 CMakeFiles/firmware.dir/C_/Program_Files/Raspberry_Pi/Pico_SDK_v1.5.1/pico-sdk/src/rp2_common/pico_bootrom/bootrom.c.obj
                0x10003744                rom_funcs_lookup
 *fill*         0x1000377a        0x2 
 .text.__wrap___aeabi_idiv
                0x1000377c       0x50 CMakeFiles/firmware.dir/C_/Program_Files/Raspberry_Pi/Pico_SDK_v1.5.1/pico-sdk/src/rp2_common/pico_divider/divider.S.obj
                0x1000377c                __wrap___aeabi_idivmod
                0x1000377c                divmod_s32s32
                0x1000377c                div_s32s32
                0x1000377c                __wrap___aeabi_idiv
                0x10003784                divmod_s32s32_unsafe
                0x100037b0                divmod_s32s32_savestate
 .text.__wrap___aeabi_uidiv
                0x100037cc       0x4c CMakeFiles/firmware.dir/C_/Program_Files/Raspberry_Pi/Pico_SDK_v1.5.1/pico-sdk/src/rp2_common/pico_divider/divider.S.obj
                0x100037cc                __wrap___aeabi_uidiv
                0x100037cc                __wrap___aeabi_uidivmod
                0x100037cc                div_u32u32
                0x100037cc                divmod_u32u32
                0x100037d4                divmod_u32u32_unsafe
                0x100037fc                divmod_u32u32_savestate
 .text.__wrap___aeabi_ldiv
                0x10003818      0x424 CMakeFiles/firmware.dir/C_/Program_Files/Raspberry_Pi/Pico_SDK_v1.5.1/pico-sdk/src/rp2_common/pico_divider/divider.S.obj
                0x10003818                div_s64s64
                0x10003818                divmod_s64s64
                0x10003818                __wrap___aeabi_ldivmod
                0x10003848                divmod_u64u64
                0x10003848                div_u64u64
                0x10003848                __wrap___aeabi_uldivmod
                0x10003858                divmod_u64u64_savestate
                0x10003878                divmod_s64s64_unsafe
                0x10003900                divmod_u64u64_unsafe
 .text.__wrap___aeabi_darithmetic
                0x10003c3c       0x80 CMakeFiles/firmware.dir/C_/Program_Files/Raspberry_Pi/Pico_SDK_v1.5.1/pico-sdk/src/rp2_common/pico_double/double_aeabi.S.obj
                0x10003c3c                __wrap___aeabi_drsub
                0x10003c42                __wrap___aeabi_dsub
                0x10003c54                __wrap___aeabi_dadd
                0x10003c66                __wrap___aeabi_ddiv
                0x10003ca2                __wrap___aeabi_dmul
 .text.__wrap___aeabi_cdcmple
                0x10003cbc       0x6c CMakeFiles/firmware.dir/C_/Program_Files/Raspberry_Pi/Pico_SDK_v1.5.1/pico-sdk/src/rp2_common/pico_double/double_aeabi.S.obj
                0x10003cbc                __wrap___aeabi_cdrcmple
                0x10003ccc                __wrap___aeabi_cdcmpeq
                0x10003ccc                __wrap___aeabi_cdcmple
 .text.__wrap___aeabi_dcmplt
                0x10003d28        0xc CMakeFiles/firmware.dir/C_/Program_Files/Raspberry_Pi/Pico_SDK_v1.5.1/pico-sdk/src/rp2_common/pico_double/double_aeabi.S.obj
                0x10003d28                __wrap___aeabi_dcmplt
 .text.__wrap___aeabi_dcmple
                0x10003d34       0x10 CMakeFiles/firmware.dir/C_/Program_Files/Raspberry_Pi/Pico_SDK_v1.5.1/pico-sdk/src/rp2_common/pico_double/double_aeabi.S.obj
                0x10003d34                __wrap___aeabi_dcmple
 .text.__wrap___aeabi_dcmpge
                0x10003d44       0x10 CMakeFiles/firmware.dir/C_/Program_Files/Raspberry_Pi/Pico_SDK_v1.5.1/pico-sdk/src/rp2_common/pico_double/double_aeabi.S.obj
                0x10003d44                __wrap___aeabi_dcmpge
 .text.__wrap___aeabi_dcmpgt
                0x10003d54        0xa CMakeFiles/firmware.dir/C_/Program_Files/Raspberry_Pi/Pico_SDK_v1.5.1/pico-sdk/src/rp2_common/pico_double/double_aeabi.S.obj
                0x10003d54                __wrap___aeabi_dcmpgt
 .text.__wrap___aeabi_dcmpun
                0x10003d5e       0x1c CMakeFiles/firmware.dir/C_/Program_Files/Raspberry_Pi/Pico_SDK_v1.5.1/pico-sdk/src/rp2_common/pico_double/double_aeabi.S.obj
                0x10003d5e                __wrap___aeabi_dcmpun
 *fill*         0x10003d7a        0x2 
 .text.__wrap___aeabi_i2d
                0x10003d7c       0x38 CMakeFiles/firmware.dir/C_/Program_Files/Raspberry_Pi/Pico_SDK_v1.5.1/pico-sdk/src/rp2_common/pico_double/double_aeabi.S.obj
                0x10003d7c                __wrap___aeabi_ui2d
                0x10003d84                __wrap___aeabi_i2d
 .text.__wrap___aeabi_d2iz
                0x10003db4       0x48 CMakeFiles/firmware.dir/C_/Program_Files/Raspberry_Pi/Pico_SDK_v1.5.1/pico-sdk/src/rp2_common/pico_double/double_aeabi.S.obj
                0x10003db4                double2int_z
                0x10003db4                __wrap___aeabi_d2iz
 .text.__wrap___aeabi_d2uiz
                0x10003dfc       0x18 CMakeFiles/firmware.dir/C_/Program_Files/Raspberry_Pi/Pico_SDK_v1.5.1/pico-sdk/src/rp2_common/pico_double/double_aeabi.S.obj
                0x10003dfc                __wrap___aeabi_d2uiz
                0x10003dfc                double2uint
 .text.__aeabi_double_init
                0x10003e14       0xc8 CMakeFiles/firmware.dir/C_/Program_Files/Raspberry_Pi/Pico_SDK_v1.5.1/pico-sdk/src/rp2_common/pico_double/double_init_rom.c.obj
                0x10003e14                __aeabi_double_init
 .text.double_table_shim_on_use_helper
                0x10003edc       0x34 CMakeFiles/firmware.dir/C_/Program_Files/Raspberry_Pi/Pico_SDK_v1.5.1/pico-sdk/src/rp2_common/pico_double/double_v1_rom_shim.S.obj
                0x10003edc                double_table_shim_on_use_helper
 .text.__wrap___aeabi_dsub
                0x10003f10       0x10 CMakeFiles/firmware.dir/C_/Program_Files/Raspberry_Pi/Pico_SDK_v1.5.1/pico-sdk/src/rp2_common/pico_double/double_v1_rom_shim.S.obj
                0x10003f10                drsub_shim
                0x10003f16                dsub_shim
 .text.dadd_shim
                0x10003f20      0x15c CMakeFiles/firmware.dir/C_/Program_Files/Raspberry_Pi/Pico_SDK_v1.5.1/pico-sdk/src/rp2_common/pico_double/double_v1_rom_shim.S.obj
                0x10003f20                dadd_shim
 .text.dmul_shim
                0x1000407c      0x15c CMakeFiles/firmware.dir/C_/Program_Files/Raspberry_Pi/Pico_SDK_v1.5.1/pico-sdk/src/rp2_common/pico_double/double_v1_rom_shim.S.obj
                0x1000407c                dmul_shim
 .text.ddiv_shim
                0x100041d8      0x1b0 CMakeFiles/firmware.dir/C_/Program_Files/Raspberry_Pi/Pico_SDK_v1.5.1/pico-sdk/src/rp2_common/pico_double/double_v1_rom_shim.S.obj
                0x100041d8                ddiv_shim
 .text.double2uint_shim
                0x10004388        0xe CMakeFiles/firmware.dir/C_/Program_Files/Raspberry_Pi/Pico_SDK_v1.5.1/pico-sdk/src/rp2_common/pico_double/double_v1_rom_shim.S.obj
                0x10004388                double2uint_shim
                0x1000438a                double2ufix_shim
 *fill*         0x10004396        0x2 
 .text.double2uint64_shim
                0x10004398       0x70 CMakeFiles/firmware.dir/C_/Program_Files/Raspberry_Pi/Pico_SDK_v1.5.1/pico-sdk/src/rp2_common/pico_double/double_v1_rom_shim.S.obj
                0x10004398                double2uint64_shim
                0x1000439a                double2ufix64_shim
                0x100043ba                d2fix_a
 .text.dunpacks
                0x10004408       0x3c CMakeFiles/firmware.dir/C_/Program_Files/Raspberry_Pi/Pico_SDK_v1.5.1/pico-sdk/src/rp2_common/pico_double/double_v1_rom_shim.S.obj
                0x10004408                dunpacks
 .text.__aeabi_lmul
                0x10004444       0x32 CMakeFiles/firmware.dir/C_/Program_Files/Raspberry_Pi/Pico_SDK_v1.5.1/pico-sdk/src/rp2_common/pico_int64_ops/pico_int64_ops_aeabi.S.obj
                0x10004444                __wrap___aeabi_lmul
 *fill*         0x10004476        0x2 
 .text.__aeabi_float_init
                0x10004478       0xfc CMakeFiles/firmware.dir/C_/Program_Files/Raspberry_Pi/Pico_SDK_v1.5.1/pico-sdk/src/rp2_common/pico_float/float_init_rom.c.obj
                0x10004478                __aeabi_float_init
 .text.float_table_shim_on_use_helper
                0x10004574       0x34 CMakeFiles/firmware.dir/C_/Program_Files/Raspberry_Pi/Pico_SDK_v1.5.1/pico-sdk/src/rp2_common/pico_float/float_v1_rom_shim.S.obj
                0x10004574                float_table_shim_on_use_helper
 .text          0x100045a8       0x10 CMakeFiles/firmware.dir/C_/Program_Files/Raspberry_Pi/Pico_SDK_v1.5.1/pico-sdk/src/rp2_common/pico_mem_ops/mem_ops_aeabi.S.obj
                0x100045a8                __aeabi_mem_init
 .text.memset   0x100045b8        0xc CMakeFiles/firmware.dir/C_/Program_Files/Raspberry_Pi/Pico_SDK_v1.5.1/pico-sdk/src/rp2_common/pico_mem_ops/mem_ops_aeabi.S.obj
                0x100045b8                __wrap_memset
 .text.memcpy   0x100045c4        0xc CMakeFiles/firmware.dir/C_/Program_Files/Raspberry_Pi/Pico_SDK_v1.5.1/pico-sdk/src/rp2_common/pico_mem_ops/mem_ops_aeabi.S.obj
                0x100045c4                __wrap_memcpy
                0x100045c4                __wrap___aeabi_memcpy
 .text.stdio_out_chars_no_crlf
                0x100045d0        0xe CMakeFiles/firmware.dir/C_/Program_Files/Raspberry_Pi/Pico_SDK_v1.5.1/pico-sdk/src/rp2_common/pico_stdio/stdio.c.obj
 *fill*         0x100045de        0x2 
 .text.stdio_out_chars_crlf
                0x100045e0       0x80 CMakeFiles/firmware.dir/C_/Program_Files/Raspberry_Pi/Pico_SDK_v1.5.1/pico-sdk/src/rp2_common/pico_stdio/stdio.c.obj
 .text.stdio_stack_buffer_flush
                0x10004660       0x44 CMakeFiles/firmware.dir/C_/Program_Files/Raspberry_Pi/Pico_SDK_v1.5.1/pico-sdk/src/rp2_common/pico_stdio/stdio.c.obj
 .text.stdio_buffered_printer
                0x100046a4       0x20 CMakeFiles/firmware.dir/C_/Program_Files/Raspberry_Pi/Pico_SDK_v1.5.1/pico-sdk/src/rp2_common/pico_stdio/stdio.c.obj
 .text.stdout_serialize_begin
                0x100046c4       0x5c CMakeFiles/firmware.dir/C_/Program_Files/Raspberry_Pi/Pico_SDK_v1.5.1/pico-sdk/src/rp2_common/pico_stdio/stdio.c.obj
                0x100046c4                stdout_serialize_begin
 .text.stdout_serialize_end
                0x10004720       0x10 CMakeFiles/firmware.dir/C_/Program_Files/Raspberry_Pi/Pico_SDK_v1.5.1/pico-sdk/src/rp2_common/pico_stdio/stdio.c.obj
                0x10004720                stdout_serialize_end
 .text.stdio_put_string
                0x10004730       0x98 CMakeFiles/firmware.dir/C_/Program_Files/Raspberry_Pi/Pico_SDK_v1.5.1/pico-sdk/src/rp2_common/pico_stdio/stdio.c.obj
 .text.stdio_set_driver_enabled
                0x100047c8       0x2c CMakeFiles/firmware.dir/C_/Program_Files/Raspberry_Pi/Pico_SDK_v1.5.1/pico-sdk/src/rp2_common/pico_stdio/stdio.c.obj
                0x100047c8                stdio_set_driver_enabled
 .text.stdio_flush
                0x100047f4       0x20 CMakeFiles/firmware.dir/C_/Program_Files/Raspberry_Pi/Pico_SDK_v1.5.1/pico-sdk/src/rp2_common/pico_stdio/stdio.c.obj
                0x100047f4                stdio_flush
 .text.__wrap_puts
                0x10004814       0x1e CMakeFiles/firmware.dir/C_/Program_Files/Raspberry_Pi/Pico_SDK_v1.5.1/pico-sdk/src/rp2_common/pico_stdio/stdio.c.obj
                0x10004814                __wrap_puts
 *fill*         0x10004832        0x2 
 .text.__wrap_vprintf
                0x10004834       0x40 CMakeFiles/firmware.dir/C_/Program_Files/Raspberry_Pi/Pico_SDK_v1.5.1/pico-sdk/src/rp2_common/pico_stdio/stdio.c.obj
                0x10004834                __wrap_vprintf
 .text.__wrap_printf
                0x10004874       0x18 CMakeFiles/firmware.dir/C_/Program_Files/Raspberry_Pi/Pico_SDK_v1.5.1/pico-sdk/src/rp2_common/pico_stdio/stdio.c.obj
                0x10004874                __wrap_printf
 .text.stdio_uart_out_chars
                0x1000488c       0x74 CMakeFiles/firmware.dir/C_/Program_Files/Raspberry_Pi/Pico_SDK_v1.5.1/pico-sdk/src/rp2_common/pico_stdio_uart/stdio_uart.c.obj
 .text.stdio_uart_in_chars
                0x10004900       0x80 CMakeFiles/firmware.dir/C_/Program_Files/Raspberry_Pi/Pico_SDK_v1.5.1/pico-sdk/src/rp2_common/pico_stdio_uart/stdio_uart.c.obj
                0x10004900                stdio_uart_in_chars
 .text.on_uart_rx
                0x10004980       0x28 CMakeFiles/firmware.dir/C_/Program_Files/Raspberry_Pi/Pico_SDK_v1.5.1/pico-sdk/src/rp2_common/pico_stdio_uart/stdio_uart.c.obj
 .text.stdio_uart_set_chars_available_callback
                0x100049a8       0x8c CMakeFiles/firmware.dir/C_/Program_Files/Raspberry_Pi/Pico_SDK_v1.5.1/pico-sdk/src/rp2_common/pico_stdio_uart/stdio_uart.c.obj
 .text.stdio_uart_init_full
                0x10004a34       0x44 CMakeFiles/firmware.dir/C_/Program_Files/Raspberry_Pi/Pico_SDK_v1.5.1/pico-sdk/src/rp2_common/pico_stdio_uart/stdio_uart.c.obj
                0x10004a34                stdio_uart_init_full
 .text.hw_endpoint_get_by_addr
                0x10004a78       0x18 CMakeFiles/firmware.dir/C_/Program_Files/Raspberry_Pi/Pico_SDK_v1.5.1/pico-sdk/lib/tinyusb/src/portable/raspberrypi/rp2040/dcd_rp2040.c.obj
 .text._hw_endpoint_alloc
                0x10004a90       0x70 CMakeFiles/firmware.dir/C_/Program_Files/Raspberry_Pi/Pico_SDK_v1.5.1/pico-sdk/lib/tinyusb/src/portable/raspberrypi/rp2040/dcd_rp2040.c.obj
 .text.hw_endpoint_init
                0x10004b00       0x88 CMakeFiles/firmware.dir/C_/Program_Files/Raspberry_Pi/Pico_SDK_v1.5.1/pico-sdk/lib/tinyusb/src/portable/raspberrypi/rp2040/dcd_rp2040.c.obj
 .text.hw_endpoint_xfer
                0x10004b88       0x14 CMakeFiles/firmware.dir/C_/Program_Files/Raspberry_Pi/Pico_SDK_v1.5.1/pico-sdk/lib/tinyusb/src/portable/raspberrypi/rp2040/dcd_rp2040.c.obj
 .text.dcd_int_enable
                0x10004b9c       0x2c CMakeFiles/firmware.dir/C_/Program_Files/Raspberry_Pi/Pico_SDK_v1.5.1/pico-sdk/lib/tinyusb/src/portable/raspberrypi/rp2040/dcd_rp2040.c.obj
                0x10004b9c                dcd_int_enable
 .text.dcd_set_address
                0x10004bc8       0x2c CMakeFiles/firmware.dir/C_/Program_Files/Raspberry_Pi/Pico_SDK_v1.5.1/pico-sdk/lib/tinyusb/src/portable/raspberrypi/rp2040/dcd_rp2040.c.obj
                0x10004bc8                dcd_set_address
 .text.dcd_remote_wakeup
                0x10004bf4       0x38 CMakeFiles/firmware.dir/C_/Program_Files/Raspberry_Pi/Pico_SDK_v1.5.1/pico-sdk/lib/tinyusb/src/portable/raspberrypi/rp2040/dcd_rp2040.c.obj
                0x10004bf4                dcd_remote_wakeup
 .text.dcd_connect
                0x10004c2c       0x10 CMakeFiles/firmware.dir/C_/Program_Files/Raspberry_Pi/Pico_SDK_v1.5.1/pico-sdk/lib/tinyusb/src/portable/raspberrypi/rp2040/dcd_rp2040.c.obj
                0x10004c2c                dcd_connect
 .text.dcd_init
                0x10004c3c       0x80 CMakeFiles/firmware.dir/C_/Program_Files/Raspberry_Pi/Pico_SDK_v1.5.1/pico-sdk/lib/tinyusb/src/portable/raspberrypi/rp2040/dcd_rp2040.c.obj
                0x10004c3c                dcd_init
 .text.dcd_edpt0_status_complete
                0x10004cbc       0x1c CMakeFiles/firmware.dir/C_/Program_Files/Raspberry_Pi/Pico_SDK_v1.5.1/pico-sdk/lib/tinyusb/src/portable/raspberrypi/rp2040/dcd_rp2040.c.obj
                0x10004cbc                dcd_edpt0_status_complete
 .text.dcd_edpt_open
                0x10004cd8       0x40 CMakeFiles/firmware.dir/C_/Program_Files/Raspberry_Pi/Pico_SDK_v1.5.1/pico-sdk/lib/tinyusb/src/portable/raspberrypi/rp2040/dcd_rp2040.c.obj
                0x10004cd8                dcd_edpt_open
 .text.dcd_edpt_close_all
                0x10004d18        0x8 CMakeFiles/firmware.dir/C_/Program_Files/Raspberry_Pi/Pico_SDK_v1.5.1/pico-sdk/lib/tinyusb/src/portable/raspberrypi/rp2040/dcd_rp2040.c.obj
                0x10004d18                dcd_edpt_close_all
 .text.dcd_edpt_xfer
                0x10004d20       0x34 CMakeFiles/firmware.dir/C_/Program_Files/Raspberry_Pi/Pico_SDK_v1.5.1/pico-sdk/lib/tinyusb/src/portable/raspberrypi/rp2040/dcd_rp2040.c.obj
                0x10004d20                dcd_edpt_xfer
 .text.dcd_edpt_stall
                0x10004d54       0x2c CMakeFiles/firmware.dir/C_/Program_Files/Raspberry_Pi/Pico_SDK_v1.5.1/pico-sdk/lib/tinyusb/src/portable/raspberrypi/rp2040/dcd_rp2040.c.obj
                0x10004d54                dcd_edpt_stall
 .text.dcd_edpt_clear_stall
                0x10004d80       0x20 CMakeFiles/firmware.dir/C_/Program_Files/Raspberry_Pi/Pico_SDK_v1.5.1/pico-sdk/lib/tinyusb/src/portable/raspberrypi/rp2040/dcd_rp2040.c.obj
                0x10004d80                dcd_edpt_clear_stall
 .text.rp2040_usb_init
                0x10004da0       0x4c CMakeFiles/firmware.dir/C_/Program_Files/Raspberry_Pi/Pico_SDK_v1.5.1/pico-sdk/lib/tinyusb/src/portable/raspberrypi/rp2040/rp2040_usb.c.obj
                0x10004da0                rp2040_usb_init
 .text.hw_endpoint_xfer_start
                0x10004dec       0x50 CMakeFiles/firmware.dir/C_/Program_Files/Raspberry_Pi/Pico_SDK_v1.5.1/pico-sdk/lib/tinyusb/src/portable/raspberrypi/rp2040/rp2040_usb.c.obj
                0x10004dec                hw_endpoint_xfer_start
 .text.configuration_reset
                0x10004e3c       0x88 CMakeFiles/firmware.dir/C_/Program_Files/Raspberry_Pi/Pico_SDK_v1.5.1/pico-sdk/lib/tinyusb/src/device/usbd.c.obj
 .text.usbd_reset
                0x10004ec4        0xc CMakeFiles/firmware.dir/C_/Program_Files/Raspberry_Pi/Pico_SDK_v1.5.1/pico-sdk/lib/tinyusb/src/device/usbd.c.obj
 .text.invoke_class_control
                0x10004ed0       0x1a CMakeFiles/firmware.dir/C_/Program_Files/Raspberry_Pi/Pico_SDK_v1.5.1/pico-sdk/lib/tinyusb/src/device/usbd.c.obj
 *fill*         0x10004eea        0x2 
 .text.process_set_config
                0x10004eec      0x188 CMakeFiles/firmware.dir/C_/Program_Files/Raspberry_Pi/Pico_SDK_v1.5.1/pico-sdk/lib/tinyusb/src/device/usbd.c.obj
 .text.process_get_descriptor
                0x10005074       0xdc CMakeFiles/firmware.dir/C_/Program_Files/Raspberry_Pi/Pico_SDK_v1.5.1/pico-sdk/lib/tinyusb/src/device/usbd.c.obj
 .text.tud_mounted
                0x10005150       0x10 CMakeFiles/firmware.dir/C_/Program_Files/Raspberry_Pi/Pico_SDK_v1.5.1/pico-sdk/lib/tinyusb/src/device/usbd.c.obj
                0x10005150                tud_mounted
 .text.tud_suspended
                0x10005160       0x10 CMakeFiles/firmware.dir/C_/Program_Files/Raspberry_Pi/Pico_SDK_v1.5.1/pico-sdk/lib/tinyusb/src/device/usbd.c.obj
                0x10005160                tud_suspended
 .text.tud_remote_wakeup
                0x10005170       0x34 CMakeFiles/firmware.dir/C_/Program_Files/Raspberry_Pi/Pico_SDK_v1.5.1/pico-sdk/lib/tinyusb/src/device/usbd.c.obj
                0x10005170                tud_remote_wakeup
 .text.tud_inited
                0x100051a4       0x14 CMakeFiles/firmware.dir/C_/Program_Files/Raspberry_Pi/Pico_SDK_v1.5.1/pico-sdk/lib/tinyusb/src/device/usbd.c.obj
                0x100051a4                tud_inited
 .text.tud_init
                0x100051b8       0xd0 CMakeFiles/firmware.dir/C_/Program_Files/Raspberry_Pi/Pico_SDK_v1.5.1/pico-sdk/lib/tinyusb/src/device/usbd.c.obj
                0x100051b8                tud_init
 .text.usbd_edpt_open
                0x10005288       0x34 CMakeFiles/firmware.dir/C_/Program_Files/Raspberry_Pi/Pico_SDK_v1.5.1/pico-sdk/lib/tinyusb/src/device/usbd.c.obj
                0x10005288                usbd_edpt_open
 .text.usbd_open_edpt_pair
                0x100052bc       0x62 CMakeFiles/firmware.dir/C_/Program_Files/Raspberry_Pi/Pico_SDK_v1.5.1/pico-sdk/lib/tinyusb/src/device/usbd.c.obj
                0x100052bc                usbd_open_edpt_pair
 *fill*         0x1000531e        0x2 
 .text.usbd_edpt_claim
                0x10005320       0x28 CMakeFiles/firmware.dir/C_/Program_Files/Raspberry_Pi/Pico_SDK_v1.5.1/pico-sdk/lib/tinyusb/src/device/usbd.c.obj
                0x10005320                usbd_edpt_claim
 .text.usbd_edpt_release
                0x10005348       0x28 CMakeFiles/firmware.dir/C_/Program_Files/Raspberry_Pi/Pico_SDK_v1.5.1/pico-sdk/lib/tinyusb/src/device/usbd.c.obj
                0x10005348                usbd_edpt_release
 .text.usbd_edpt_xfer
                0x10005370       0x78 CMakeFiles/firmware.dir/C_/Program_Files/Raspberry_Pi/Pico_SDK_v1.5.1/pico-sdk/lib/tinyusb/src/device/usbd.c.obj
                0x10005370                usbd_edpt_xfer
 .text.usbd_edpt_busy
                0x100053e8       0x1c CMakeFiles/firmware.dir/C_/Program_Files/Raspberry_Pi/Pico_SDK_v1.5.1/pico-sdk/lib/tinyusb/src/device/usbd.c.obj
                0x100053e8                usbd_edpt_busy
 .text.usbd_edpt_stall
                0x10005404       0x48 CMakeFiles/firmware.dir/C_/Program_Files/Raspberry_Pi/Pico_SDK_v1.5.1/pico-sdk/lib/tinyusb/src/device/usbd.c.obj
                0x10005404                usbd_edpt_stall
 .text.usbd_edpt_clear_stall
                0x1000544c       0x48 CMakeFiles/firmware.dir/C_/Program_Files/Raspberry_Pi/Pico_SDK_v1.5.1/pico-sdk/lib/tinyusb/src/device/usbd.c.obj
                0x1000544c                usbd_edpt_clear_stall
 .text.usbd_edpt_stalled
                0x10005494       0x1c CMakeFiles/firmware.dir/C_/Program_Files/Raspberry_Pi/Pico_SDK_v1.5.1/pico-sdk/lib/tinyusb/src/device/usbd.c.obj
                0x10005494                usbd_edpt_stalled
 .text.process_control_request
                0x100054b0      0x378 CMakeFiles/firmware.dir/C_/Program_Files/Raspberry_Pi/Pico_SDK_v1.5.1/pico-sdk/lib/tinyusb/src/device/usbd.c.obj
 .text.tud_task_ext
                0x10005828      0x1b8 CMakeFiles/firmware.dir/C_/Program_Files/Raspberry_Pi/Pico_SDK_v1.5.1/pico-sdk/lib/tinyusb/src/device/usbd.c.obj
                0x10005828                tud_task_ext
 .text._data_stage_xact
                0x100059e0       0x58 CMakeFiles/firmware.dir/C_/Program_Files/Raspberry_Pi/Pico_SDK_v1.5.1/pico-sdk/lib/tinyusb/src/device/usbd_control.c.obj
 .text.tud_control_status
                0x10005a38       0x38 CMakeFiles/firmware.dir/C_/Program_Files/Raspberry_Pi/Pico_SDK_v1.5.1/pico-sdk/lib/tinyusb/src/device/usbd_control.c.obj
                0x10005a38                tud_control_status
 .text.tud_control_xfer
                0x10005a70       0x74 CMakeFiles/firmware.dir/C_/Program_Files/Raspberry_Pi/Pico_SDK_v1.5.1/pico-sdk/lib/tinyusb/src/device/usbd_control.c.obj
                0x10005a70                tud_control_xfer
 .text.usbd_control_reset
                0x10005ae4       0x14 CMakeFiles/firmware.dir/C_/Program_Files/Raspberry_Pi/Pico_SDK_v1.5.1/pico-sdk/lib/tinyusb/src/device/usbd_control.c.obj
                0x10005ae4                usbd_control_reset
 .text.usbd_control_set_complete_callback
                0x10005af8        0xc CMakeFiles/firmware.dir/C_/Program_Files/Raspberry_Pi/Pico_SDK_v1.5.1/pico-sdk/lib/tinyusb/src/device/usbd_control.c.obj
                0x10005af8                usbd_control_set_complete_callback
 .text.usbd_control_set_request
                0x10005b04       0x1c CMakeFiles/firmware.dir/C_/Program_Files/Raspberry_Pi/Pico_SDK_v1.5.1/pico-sdk/lib/tinyusb/src/device/usbd_control.c.obj
                0x10005b04                usbd_control_set_request
 .text.usbd_control_xfer_cb
                0x10005b20       0xcc CMakeFiles/firmware.dir/C_/Program_Files/Raspberry_Pi/Pico_SDK_v1.5.1/pico-sdk/lib/tinyusb/src/device/usbd_control.c.obj
                0x10005b20                usbd_control_xfer_cb
 .text._prep_out_transaction
                0x10005bec       0x48 CMakeFiles/firmware.dir/C_/Program_Files/Raspberry_Pi/Pico_SDK_v1.5.1/pico-sdk/lib/tinyusb/src/class/cdc/cdc_device.c.obj
 .text.tud_cdc_n_available
                0x10005c34       0x20 CMakeFiles/firmware.dir/C_/Program_Files/Raspberry_Pi/Pico_SDK_v1.5.1/pico-sdk/lib/tinyusb/src/class/cdc/cdc_device.c.obj
                0x10005c34                tud_cdc_n_available
 .text.tud_cdc_n_read
                0x10005c54       0x30 CMakeFiles/firmware.dir/C_/Program_Files/Raspberry_Pi/Pico_SDK_v1.5.1/pico-sdk/lib/tinyusb/src/class/cdc/cdc_device.c.obj
                0x10005c54                tud_cdc_n_read
 .text.tud_cdc_n_write_flush
                0x10005c84       0xc8 CMakeFiles/firmware.dir/C_/Program_Files/Raspberry_Pi/Pico_SDK_v1.5.1/pico-sdk/lib/tinyusb/src/class/cdc/cdc_device.c.obj
                0x10005c84                tud_cdc_n_write_flush
 .text.tud_cdc_n_write
                0x10005d4c       0x3c CMakeFiles/firmware.dir/C_/Program_Files/Raspberry_Pi/Pico_SDK_v1.5.1/pico-sdk/lib/tinyusb/src/class/cdc/cdc_device.c.obj
                0x10005d4c                tud_cdc_n_write
 .text.cdcd_init
                0x10005d88       0xc0 CMakeFiles/firmware.dir/C_/Program_Files/Raspberry_Pi/Pico_SDK_v1.5.1/pico-sdk/lib/tinyusb/src/class/cdc/cdc_device.c.obj
                0x10005d88                cdcd_init
 .text.cdcd_reset
                0x10005e48       0x50 CMakeFiles/firmware.dir/C_/Program_Files/Raspberry_Pi/Pico_SDK_v1.5.1/pico-sdk/lib/tinyusb/src/class/cdc/cdc_device.c.obj
                0x10005e48                cdcd_reset
 .text.cdcd_open
                0x10005e98       0xd8 CMakeFiles/firmware.dir/C_/Program_Files/Raspberry_Pi/Pico_SDK_v1.5.1/pico-sdk/lib/tinyusb/src/class/cdc/cdc_device.c.obj
                0x10005e98                cdcd_open
 .text.cdcd_control_xfer_cb
                0x10005f70      0x130 CMakeFiles/firmware.dir/C_/Program_Files/Raspberry_Pi/Pico_SDK_v1.5.1/pico-sdk/lib/tinyusb/src/class/cdc/cdc_device.c.obj
                0x10005f70                cdcd_control_xfer_cb
 .text.cdcd_xfer_cb
                0x100060a0      0x12c CMakeFiles/firmware.dir/C_/Program_Files/Raspberry_Pi/Pico_SDK_v1.5.1/pico-sdk/lib/tinyusb/src/class/cdc/cdc_device.c.obj
                0x100060a0                cdcd_xfer_cb
 .text.tud_hid_n_ready
                0x100061cc       0x50 CMakeFiles/firmware.dir/C_/Program_Files/Raspberry_Pi/Pico_SDK_v1.5.1/pico-sdk/lib/tinyusb/src/class/hid/hid_device.c.obj
                0x100061cc                tud_hid_n_ready
 .text.tud_hid_n_report
                0x1000621c       0x84 CMakeFiles/firmware.dir/C_/Program_Files/Raspberry_Pi/Pico_SDK_v1.5.1/pico-sdk/lib/tinyusb/src/class/hid/hid_device.c.obj
                0x1000621c                tud_hid_n_report
 .text.hidd_reset
                0x100062a0       0x14 CMakeFiles/firmware.dir/C_/Program_Files/Raspberry_Pi/Pico_SDK_v1.5.1/pico-sdk/lib/tinyusb/src/class/hid/hid_device.c.obj
                0x100062a0                hidd_reset
 .text.hidd_init
                0x100062b4        0xa CMakeFiles/firmware.dir/C_/Program_Files/Raspberry_Pi/Pico_SDK_v1.5.1/pico-sdk/lib/tinyusb/src/class/hid/hid_device.c.obj
                0x100062b4                hidd_init
 *fill*         0x100062be        0x2 
 .text.hidd_open
                0x100062c0       0xc0 CMakeFiles/firmware.dir/C_/Program_Files/Raspberry_Pi/Pico_SDK_v1.5.1/pico-sdk/lib/tinyusb/src/class/hid/hid_device.c.obj
                0x100062c0                hidd_open
 .text.hidd_control_xfer_cb
                0x10006380      0x278 CMakeFiles/firmware.dir/C_/Program_Files/Raspberry_Pi/Pico_SDK_v1.5.1/pico-sdk/lib/tinyusb/src/class/hid/hid_device.c.obj
                0x10006380                hidd_control_xfer_cb
 .text.hidd_xfer_cb
                0x100065f8       0x84 CMakeFiles/firmware.dir/C_/Program_Files/Raspberry_Pi/Pico_SDK_v1.5.1/pico-sdk/lib/tinyusb/src/class/hid/hid_device.c.obj
                0x100065f8                hidd_xfer_cb
 .text.tusb_init
                0x1000667c        0x4 CMakeFiles/firmware.dir/C_/Program_Files/Raspberry_Pi/Pico_SDK_v1.5.1/pico-sdk/lib/tinyusb/src/tusb.c.obj
                0x1000667c                tusb_init
 .text.tusb_inited
                0x10006680        0xe CMakeFiles/firmware.dir/C_/Program_Files/Raspberry_Pi/Pico_SDK_v1.5.1/pico-sdk/lib/tinyusb/src/tusb.c.obj
                0x10006680                tusb_inited
 .text.tu_edpt_claim
                0x1000668e       0x50 CMakeFiles/firmware.dir/C_/Program_Files/Raspberry_Pi/Pico_SDK_v1.5.1/pico-sdk/lib/tinyusb/src/tusb.c.obj
                0x1000668e                tu_edpt_claim
 .text.tu_edpt_release
                0x100066de       0x3c CMakeFiles/firmware.dir/C_/Program_Files/Raspberry_Pi/Pico_SDK_v1.5.1/pico-sdk/lib/tinyusb/src/tusb.c.obj
                0x100066de                tu_edpt_release
 *fill*         0x1000671a        0x2 
 .text.tu_edpt_validate
                0x1000671c       0x78 CMakeFiles/firmware.dir/C_/Program_Files/Raspberry_Pi/Pico_SDK_v1.5.1/pico-sdk/lib/tinyusb/src/tusb.c.obj
                0x1000671c                tu_edpt_validate
 .text.tu_edpt_bind_driver
                0x10006794       0x26 CMakeFiles/firmware.dir/C_/Program_Files/Raspberry_Pi/Pico_SDK_v1.5.1/pico-sdk/lib/tinyusb/src/tusb.c.obj
                0x10006794                tu_edpt_bind_driver
 .text.advance_index
                0x100067ba       0x1a CMakeFiles/firmware.dir/C_/Program_Files/Raspberry_Pi/Pico_SDK_v1.5.1/pico-sdk/lib/tinyusb/src/common/tusb_fifo.c.obj
 .text._tu_fifo_peek
                0x100067d4       0x56 CMakeFiles/firmware.dir/C_/Program_Files/Raspberry_Pi/Pico_SDK_v1.5.1/pico-sdk/lib/tinyusb/src/common/tusb_fifo.c.obj
 .text._ff_pull_const_addr
                0x1000682a       0x4c CMakeFiles/firmware.dir/C_/Program_Files/Raspberry_Pi/Pico_SDK_v1.5.1/pico-sdk/lib/tinyusb/src/common/tusb_fifo.c.obj
 .text._ff_pull_n
                0x10006876      0x110 CMakeFiles/firmware.dir/C_/Program_Files/Raspberry_Pi/Pico_SDK_v1.5.1/pico-sdk/lib/tinyusb/src/common/tusb_fifo.c.obj
 .text._tu_fifo_peek_n
                0x10006986       0x6a CMakeFiles/firmware.dir/C_/Program_Files/Raspberry_Pi/Pico_SDK_v1.5.1/pico-sdk/lib/tinyusb/src/common/tusb_fifo.c.obj
 .text._tu_fifo_read_n
                0x100069f0       0x4e CMakeFiles/firmware.dir/C_/Program_Files/Raspberry_Pi/Pico_SDK_v1.5.1/pico-sdk/lib/tinyusb/src/common/tusb_fifo.c.obj
 .text._ff_push_const_addr
                0x10006a3e       0x40 CMakeFiles/firmware.dir/C_/Program_Files/Raspberry_Pi/Pico_SDK_v1.5.1/pico-sdk/lib/tinyusb/src/common/tusb_fifo.c.obj
 .text._ff_push_n
                0x10006a7e      0x10c CMakeFiles/firmware.dir/C_/Program_Files/Raspberry_Pi/Pico_SDK_v1.5.1/pico-sdk/lib/tinyusb/src/common/tusb_fifo.c.obj
 .text._tu_fifo_write_n
                0x10006b8a       0xf0 CMakeFiles/firmware.dir/C_/Program_Files/Raspberry_Pi/Pico_SDK_v1.5.1/pico-sdk/lib/tinyusb/src/common/tusb_fifo.c.obj
 .text.tu_fifo_config
                0x10006c7a       0x7c CMakeFiles/firmware.dir/C_/Program_Files/Raspberry_Pi/Pico_SDK_v1.5.1/pico-sdk/lib/tinyusb/src/common/tusb_fifo.c.obj
                0x10006c7a                tu_fifo_config
 .text.tu_fifo_count
                0x10006cf6       0x2a CMakeFiles/firmware.dir/C_/Program_Files/Raspberry_Pi/Pico_SDK_v1.5.1/pico-sdk/lib/tinyusb/src/common/tusb_fifo.c.obj
                0x10006cf6                tu_fifo_count
 .text.tu_fifo_empty
                0x10006d20       0x10 CMakeFiles/firmware.dir/C_/Program_Files/Raspberry_Pi/Pico_SDK_v1.5.1/pico-sdk/lib/tinyusb/src/common/tusb_fifo.c.obj
                0x10006d20                tu_fifo_empty
 .text.tu_fifo_full
                0x10006d30       0x28 CMakeFiles/firmware.dir/C_/Program_Files/Raspberry_Pi/Pico_SDK_v1.5.1/pico-sdk/lib/tinyusb/src/common/tusb_fifo.c.obj
                0x10006d30                tu_fifo_full
 .text.tu_fifo_remaining
                0x10006d58       0x2c CMakeFiles/firmware.dir/C_/Program_Files/Raspberry_Pi/Pico_SDK_v1.5.1/pico-sdk/lib/tinyusb/src/common/tusb_fifo.c.obj
                0x10006d58                tu_fifo_remaining
 .text.tu_fifo_read
                0x10006d84       0x42 CMakeFiles/firmware.dir/C_/Program_Files/Raspberry_Pi/Pico_SDK_v1.5.1/pico-sdk/lib/tinyusb/src/common/tusb_fifo.c.obj
                0x10006d84                tu_fifo_read
 .text.tu_fifo_read_n
                0x10006dc6        0xa CMakeFiles/firmware.dir/C_/Program_Files/Raspberry_Pi/Pico_SDK_v1.5.1/pico-sdk/lib/tinyusb/src/common/tusb_fifo.c.obj
                0x10006dc6                tu_fifo_read_n
 .text.tu_fifo_write
                0x10006dd0       0x64 CMakeFiles/firmware.dir/C_/Program_Files/Raspberry_Pi/Pico_SDK_v1.5.1/pico-sdk/lib/tinyusb/src/common/tusb_fifo.c.obj
                0x10006dd0                tu_fifo_write
 .text.tu_fifo_write_n
                0x10006e34        0xa CMakeFiles/firmware.dir/C_/Program_Files/Raspberry_Pi/Pico_SDK_v1.5.1/pico-sdk/lib/tinyusb/src/common/tusb_fifo.c.obj
                0x10006e34                tu_fifo_write_n
 .text.tu_fifo_clear
                0x10006e3e       0x3e CMakeFiles/firmware.dir/C_/Program_Files/Raspberry_Pi/Pico_SDK_v1.5.1/pico-sdk/lib/tinyusb/src/common/tusb_fifo.c.obj
                0x10006e3e                tu_fifo_clear
 .text.tu_fifo_set_overwritable
                0x10006e7c       0x46 CMakeFiles/firmware.dir/C_/Program_Files/Raspberry_Pi/Pico_SDK_v1.5.1/pico-sdk/lib/tinyusb/src/common/tusb_fifo.c.obj
                0x10006e7c                tu_fifo_set_overwritable
 *fill*         0x10006ec2        0x2 
 .text.board_init
                0x10006ec4       0x30 CMakeFiles/firmware.dir/C_/Program_Files/Raspberry_Pi/Pico_SDK_v1.5.1/pico-sdk/lib/tinyusb/hw/bsp/rp2040/family.c.obj
                0x10006ec4                board_init
 .text.board_led_write
                0x10006ef4       0x1c CMakeFiles/firmware.dir/C_/Program_Files/Raspberry_Pi/Pico_SDK_v1.5.1/pico-sdk/lib/tinyusb/hw/bsp/rp2040/family.c.obj
                0x10006ef4                board_led_write
 .text.board_button_read
                0x10006f10        0xe CMakeFiles/firmware.dir/C_/Program_Files/Raspberry_Pi/Pico_SDK_v1.5.1/pico-sdk/lib/tinyusb/hw/bsp/rp2040/family.c.obj
                0x10006f10                board_button_read
 *fill*         0x10006f1e        0x2 
 .text.strlen   0x10006f20       0x5c c:/progra~1/raspbe~1/picosd~1.1/gcc-ar~1/bin/../lib/gcc/arm-none-eabi/10.3.1/../../../../arm-none-eabi/lib/thumb/v6-m/nofp\libg.a(lib_a-strlen-stub.o)
                0x10006f20                strlen
 *(.fini)
 .fini          0x10006f7c        0x4 c:/progra~1/raspbe~1/picosd~1.1/gcc-ar~1/bin/../lib/gcc/arm-none-eabi/10.3.1/thumb/v6-m/nofp/crti.o
                0x10006f7c                _fini
 .fini.__stub   0x10006f80       0xc0 linker stubs
 *crtbegin.o(.ctors)
 *crtbegin?.o(.ctors)
 *(EXCLUDE_FILE(*crtend.o *crtend?.o) .ctors)
 *(SORT_BY_NAME(.ctors.*))
 *(.ctors)
 *crtbegin.o(.dtors)
 *crtbegin?.o(.dtors)
 *(EXCLUDE_FILE(*crtend.o *crtend?.o) .dtors)
 *(SORT_BY_NAME(.dtors.*))
 *(.dtors)
 *(.eh_frame*)
 .eh_frame      0x10007040        0x0 c:/progra~1/raspbe~1/picosd~1.1/gcc-ar~1/bin/../lib/gcc/arm-none-eabi/10.3.1/thumb/v6-m/nofp/crtbegin.o
                0x10007040                . = ALIGN (0x4)

.glue_7         0x10007040        0x0
 .glue_7        0x10007040        0x0 linker stubs

.glue_7t        0x10007040        0x0
 .glue_7t       0x10007040        0x0 linker stubs

.vfp11_veneer   0x10007040        0x0
 .vfp11_veneer  0x10007040        0x0 linker stubs

.v4_bx          0x10007040        0x0
 .v4_bx         0x10007040        0x0 linker stubs

.iplt           0x10007040        0x0
 .iplt          0x10007040        0x0 c:/progra~1/raspbe~1/picosd~1.1/gcc-ar~1/bin/../lib/gcc/arm-none-eabi/10.3.1/thumb/v6-m/nofp/crtbegin.o

.rodata         0x10007040     0x14d8
 *(EXCLUDE_FILE(*libm.a: *libc.a:*lib_a-mem*.o *libgcc.a:) .rodata*)
 .rodata.hid_task.str1.4
                0x10007040       0x7d CMakeFiles/firmware.dir/src/tusb/tud_utils.c.obj
 *fill*         0x100070bd        0x3 
 .rodata.__func__.2
                0x100070c0       0x15 CMakeFiles/firmware.dir/src/tusb/tud_utils.c.obj
 *fill*         0x100070d5        0x3 
 .rodata.str1.4
                0x100070d8       0x34 CMakeFiles/firmware.dir/src/tusb/usb_descriptors.c.obj
 .rodata.__compound_literal.0
                0x1000710c        0x2 CMakeFiles/firmware.dir/src/tusb/usb_descriptors.c.obj
 *fill*         0x1000710e        0x2 
 .rodata.desc_configuration
                0x10007110       0x64 CMakeFiles/firmware.dir/src/tusb/usb_descriptors.c.obj
                0x10007110                desc_configuration
 .rodata.desc_device
                0x10007174       0x12 CMakeFiles/firmware.dir/src/tusb/usb_descriptors.c.obj
                0x10007174                desc_device
 *fill*         0x10007186        0x2 
 .rodata.desc_hid_report1
                0x10007188       0x40 CMakeFiles/firmware.dir/src/tusb/usb_descriptors.c.obj
                0x10007188                desc_hid_report1
 .rodata.spin_lock_claim_unused.str1.4
                0x100071c8       0x1b CMakeFiles/firmware.dir/C_/Program_Files/Raspberry_Pi/Pico_SDK_v1.5.1/pico-sdk/src/rp2_common/hardware_sync/sync.c.obj
 *fill*         0x100071e3        0x1 
 .rodata.make_branch.str1.4
                0x100071e4       0x89 CMakeFiles/firmware.dir/C_/Program_Files/Raspberry_Pi/Pico_SDK_v1.5.1/pico-sdk/src/rp2_common/hardware_irq/irq.c.obj
 *fill*         0x1000726d        0x3 
 .rodata.insert_branch_and_link.str1.4
                0x10007270       0x10 CMakeFiles/firmware.dir/C_/Program_Files/Raspberry_Pi/Pico_SDK_v1.5.1/pico-sdk/src/rp2_common/hardware_irq/irq.c.obj
 .rodata.irq_set_exclusive_handler.str1.4
                0x10007280       0x36 CMakeFiles/firmware.dir/C_/Program_Files/Raspberry_Pi/Pico_SDK_v1.5.1/pico-sdk/src/rp2_common/hardware_irq/irq.c.obj
 *fill*         0x100072b6        0x2 
 .rodata.irq_add_shared_handler.str1.4
                0x100072b8       0xd9 CMakeFiles/firmware.dir/C_/Program_Files/Raspberry_Pi/Pico_SDK_v1.5.1/pico-sdk/src/rp2_common/hardware_irq/irq.c.obj
 *fill*         0x10007391        0x3 
 .rodata.irq_remove_handler.str1.4
                0x10007394       0x3a CMakeFiles/firmware.dir/C_/Program_Files/Raspberry_Pi/Pico_SDK_v1.5.1/pico-sdk/src/rp2_common/hardware_irq/irq.c.obj
 *fill*         0x100073ce        0x2 
 .rodata.irq_add_tail_to_free_list.str1.4
                0x100073d0       0x3a CMakeFiles/firmware.dir/C_/Program_Files/Raspberry_Pi/Pico_SDK_v1.5.1/pico-sdk/src/rp2_common/hardware_irq/irq.c.obj
 *fill*         0x1000740a        0x2 
 .rodata.__func__.0
                0x1000740c       0x1a CMakeFiles/firmware.dir/C_/Program_Files/Raspberry_Pi/Pico_SDK_v1.5.1/pico-sdk/src/rp2_common/hardware_irq/irq.c.obj
 *fill*         0x10007426        0x2 
 .rodata.__func__.1
                0x10007428       0x17 CMakeFiles/firmware.dir/C_/Program_Files/Raspberry_Pi/Pico_SDK_v1.5.1/pico-sdk/src/rp2_common/hardware_irq/irq.c.obj
 *fill*         0x1000743f        0x1 
 .rodata.__func__.2
                0x10007440       0x13 CMakeFiles/firmware.dir/C_/Program_Files/Raspberry_Pi/Pico_SDK_v1.5.1/pico-sdk/src/rp2_common/hardware_irq/irq.c.obj
 *fill*         0x10007453        0x1 
 .rodata.__func__.3
                0x10007454        0xc CMakeFiles/firmware.dir/C_/Program_Files/Raspberry_Pi/Pico_SDK_v1.5.1/pico-sdk/src/rp2_common/hardware_irq/irq.c.obj
 .rodata.__func__.4
                0x10007460        0xf CMakeFiles/firmware.dir/C_/Program_Files/Raspberry_Pi/Pico_SDK_v1.5.1/pico-sdk/src/rp2_common/hardware_irq/irq.c.obj
 *fill*         0x1000746f        0x1 
 .rodata.__func__.5
                0x10007470       0x17 CMakeFiles/firmware.dir/C_/Program_Files/Raspberry_Pi/Pico_SDK_v1.5.1/pico-sdk/src/rp2_common/hardware_irq/irq.c.obj
 *fill*         0x10007487        0x1 
 .rodata.__func__.6
                0x10007488       0x1a CMakeFiles/firmware.dir/C_/Program_Files/Raspberry_Pi/Pico_SDK_v1.5.1/pico-sdk/src/rp2_common/hardware_irq/irq.c.obj
 *fill*         0x100074a2        0x2 
 .rodata.str1.4
                0x100074a4       0xa5 CMakeFiles/firmware.dir/C_/Program_Files/Raspberry_Pi/Pico_SDK_v1.5.1/pico-sdk/src/common/pico_sync/mutex.c.obj
                                0x125 (size before relaxing)
 *fill*         0x10007549        0x3 
 .rodata.__func__.1
                0x1000754c        0xb CMakeFiles/firmware.dir/C_/Program_Files/Raspberry_Pi/Pico_SDK_v1.5.1/pico-sdk/src/common/pico_sync/mutex.c.obj
 *fill*         0x10007557        0x1 
 .rodata.__func__.3
                0x10007558       0x18 CMakeFiles/firmware.dir/C_/Program_Files/Raspberry_Pi/Pico_SDK_v1.5.1/pico-sdk/src/common/pico_sync/mutex.c.obj
 .rodata.__func__.4
                0x10007570       0x15 CMakeFiles/firmware.dir/C_/Program_Files/Raspberry_Pi/Pico_SDK_v1.5.1/pico-sdk/src/common/pico_sync/mutex.c.obj
 *fill*         0x10007585        0x3 
 .rodata.repeating_timer_callback.str1.4
                0x10007588       0x67 CMakeFiles/firmware.dir/C_/Program_Files/Raspberry_Pi/Pico_SDK_v1.5.1/pico-sdk/src/common/pico_time/time.c.obj
 *fill*         0x100075ef        0x1 
 .rodata.timer_pool_entry_comparator.str1.4
                0x100075f0       0x22 CMakeFiles/firmware.dir/C_/Program_Files/Raspberry_Pi/Pico_SDK_v1.5.1/pico-sdk/src/common/pico_time/time.c.obj
 *fill*         0x10007612        0x2 
 .rodata.ph_add_child_node.str1.4
                0x10007614       0xb2 CMakeFiles/firmware.dir/C_/Program_Files/Raspberry_Pi/Pico_SDK_v1.5.1/pico-sdk/src/common/pico_time/time.c.obj
 *fill*         0x100076c6        0x2 
 .rodata.add_alarm_under_lock.str1.4
                0x100076c8       0x28 CMakeFiles/firmware.dir/C_/Program_Files/Raspberry_Pi/Pico_SDK_v1.5.1/pico-sdk/src/common/pico_time/time.c.obj
                                 0x2b (size before relaxing)
 .rodata.alarm_pool_alarm_callback.str1.4
                0x100076f0       0x98 CMakeFiles/firmware.dir/C_/Program_Files/Raspberry_Pi/Pico_SDK_v1.5.1/pico-sdk/src/common/pico_time/time.c.obj
                                0x118 (size before relaxing)
 .rodata.alarm_pool_get_default.str1.4
                0x10007788       0x21 CMakeFiles/firmware.dir/C_/Program_Files/Raspberry_Pi/Pico_SDK_v1.5.1/pico-sdk/src/common/pico_time/time.c.obj
 *fill*         0x100077a9        0x3 
 .rodata.alarm_pool_cancel_alarm.str1.4
                0x100077ac       0x27 CMakeFiles/firmware.dir/C_/Program_Files/Raspberry_Pi/Pico_SDK_v1.5.1/pico-sdk/src/common/pico_time/time.c.obj
 *fill*         0x100077d3        0x1 
 .rodata.__func__.1
                0x100077d4       0x18 CMakeFiles/firmware.dir/C_/Program_Files/Raspberry_Pi/Pico_SDK_v1.5.1/pico-sdk/src/common/pico_time/time.c.obj
 .rodata.__func__.10
                0x100077ec       0x15 CMakeFiles/firmware.dir/C_/Program_Files/Raspberry_Pi/Pico_SDK_v1.5.1/pico-sdk/src/common/pico_time/time.c.obj
 *fill*         0x10007801        0x3 
 .rodata.__func__.11
                0x10007804       0x1a CMakeFiles/firmware.dir/C_/Program_Files/Raspberry_Pi/Pico_SDK_v1.5.1/pico-sdk/src/common/pico_time/time.c.obj
 *fill*         0x1000781e        0x2 
 .rodata.__func__.12
                0x10007820        0xa CMakeFiles/firmware.dir/C_/Program_Files/Raspberry_Pi/Pico_SDK_v1.5.1/pico-sdk/src/common/pico_time/time.c.obj
 *fill*         0x1000782a        0x2 
 .rodata.__func__.3
                0x1000782c       0x17 CMakeFiles/firmware.dir/C_/Program_Files/Raspberry_Pi/Pico_SDK_v1.5.1/pico-sdk/src/common/pico_time/time.c.obj
 *fill*         0x10007843        0x1 
 .rodata.__func__.4
                0x10007844       0x12 CMakeFiles/firmware.dir/C_/Program_Files/Raspberry_Pi/Pico_SDK_v1.5.1/pico-sdk/src/common/pico_time/time.c.obj
 *fill*         0x10007856        0x2 
 .rodata.__func__.5
                0x10007858        0xd CMakeFiles/firmware.dir/C_/Program_Files/Raspberry_Pi/Pico_SDK_v1.5.1/pico-sdk/src/common/pico_time/time.c.obj
 *fill*         0x10007865        0x3 
 .rodata.__func__.6
                0x10007868       0x12 CMakeFiles/firmware.dir/C_/Program_Files/Raspberry_Pi/Pico_SDK_v1.5.1/pico-sdk/src/common/pico_time/time.c.obj
 *fill*         0x1000787a        0x2 
 .rodata.__func__.7
                0x1000787c        0xf CMakeFiles/firmware.dir/C_/Program_Files/Raspberry_Pi/Pico_SDK_v1.5.1/pico-sdk/src/common/pico_time/time.c.obj
 *fill*         0x1000788b        0x1 
 .rodata.__func__.8
                0x1000788c        0xc CMakeFiles/firmware.dir/C_/Program_Files/Raspberry_Pi/Pico_SDK_v1.5.1/pico-sdk/src/common/pico_time/time.c.obj
 .rodata.__func__.9
                0x10007898       0x15 CMakeFiles/firmware.dir/C_/Program_Files/Raspberry_Pi/Pico_SDK_v1.5.1/pico-sdk/src/common/pico_time/time.c.obj
 *fill*         0x100078ad        0x3 
 .rodata.hardware_alarm_claim.str1.4
                0x100078b0       0x22 CMakeFiles/firmware.dir/C_/Program_Files/Raspberry_Pi/Pico_SDK_v1.5.1/pico-sdk/src/rp2_common/hardware_timer/timer.c.obj
 .rodata.busy_wait_us.str1.4
                0x100078d2       0x7d CMakeFiles/firmware.dir/C_/Program_Files/Raspberry_Pi/Pico_SDK_v1.5.1/pico-sdk/src/rp2_common/hardware_timer/timer.c.obj
 *fill*         0x100078d2        0x2 
 .rodata.hardware_alarm_set_target.str1.4
                0x100078d4       0x81 CMakeFiles/firmware.dir/C_/Program_Files/Raspberry_Pi/Pico_SDK_v1.5.1/pico-sdk/src/rp2_common/hardware_timer/timer.c.obj
 *fill*         0x10007955        0x3 
 .rodata.__func__.0
                0x10007958       0x1a CMakeFiles/firmware.dir/C_/Program_Files/Raspberry_Pi/Pico_SDK_v1.5.1/pico-sdk/src/rp2_common/hardware_timer/timer.c.obj
 *fill*         0x10007972        0x2 
 .rodata.__func__.1
                0x10007974       0x15 CMakeFiles/firmware.dir/C_/Program_Files/Raspberry_Pi/Pico_SDK_v1.5.1/pico-sdk/src/rp2_common/hardware_timer/timer.c.obj
 .rodata.ph_add_child_node.str1.4
                0x10007989       0xb2 CMakeFiles/firmware.dir/C_/Program_Files/Raspberry_Pi/Pico_SDK_v1.5.1/pico-sdk/src/common/pico_util/pheap.c.obj
 *fill*         0x10007989        0x3 
 .rodata.ph_remove_any_head.str1.4
                0x1000798c       0xa8 CMakeFiles/firmware.dir/C_/Program_Files/Raspberry_Pi/Pico_SDK_v1.5.1/pico-sdk/src/common/pico_util/pheap.c.obj
                                 0xbc (size before relaxing)
 .rodata.ph_remove_and_free_node.str1.4
                0x10007a34       0x1e CMakeFiles/firmware.dir/C_/Program_Files/Raspberry_Pi/Pico_SDK_v1.5.1/pico-sdk/src/common/pico_util/pheap.c.obj
                                 0x26 (size before relaxing)
 *fill*         0x10007a52        0x2 
 .rodata.__func__.0
                0x10007a54       0x18 CMakeFiles/firmware.dir/C_/Program_Files/Raspberry_Pi/Pico_SDK_v1.5.1/pico-sdk/src/common/pico_util/pheap.c.obj
 .rodata.__func__.1
                0x10007a6c       0x13 CMakeFiles/firmware.dir/C_/Program_Files/Raspberry_Pi/Pico_SDK_v1.5.1/pico-sdk/src/common/pico_util/pheap.c.obj
 *fill*         0x10007a7f        0x1 
 .rodata.__func__.2
                0x10007a80       0x12 CMakeFiles/firmware.dir/C_/Program_Files/Raspberry_Pi/Pico_SDK_v1.5.1/pico-sdk/src/common/pico_util/pheap.c.obj
 *fill*         0x10007a92        0x2 
 .rodata.__func__.3
                0x10007a94        0xc CMakeFiles/firmware.dir/C_/Program_Files/Raspberry_Pi/Pico_SDK_v1.5.1/pico-sdk/src/common/pico_util/pheap.c.obj
 .rodata.clock_configure.str1.4
                0x10007aa0       0x73 CMakeFiles/firmware.dir/C_/Program_Files/Raspberry_Pi/Pico_SDK_v1.5.1/pico-sdk/src/rp2_common/hardware_clocks/clocks.c.obj
 *fill*         0x10007b13        0x1 
 .rodata.__func__.1
                0x10007b14       0x10 CMakeFiles/firmware.dir/C_/Program_Files/Raspberry_Pi/Pico_SDK_v1.5.1/pico-sdk/src/rp2_common/hardware_clocks/clocks.c.obj
 .rodata.pll_init.str1.4
                0x10007b24      0x140 CMakeFiles/firmware.dir/C_/Program_Files/Raspberry_Pi/Pico_SDK_v1.5.1/pico-sdk/src/rp2_common/hardware_pll/pll.c.obj
 .rodata.__func__.0
                0x10007c64        0x9 CMakeFiles/firmware.dir/C_/Program_Files/Raspberry_Pi/Pico_SDK_v1.5.1/pico-sdk/src/rp2_common/hardware_pll/pll.c.obj
 *fill*         0x10007c6d        0x3 
 .rodata.__assert_func.str1.4
                0x10007c70       0x3f CMakeFiles/firmware.dir/C_/Program_Files/Raspberry_Pi/Pico_SDK_v1.5.1/pico-sdk/src/rp2_common/pico_runtime/runtime.c.obj
                                 0x43 (size before relaxing)
 *fill*         0x10007caf        0x1 
 .rodata.runtime_init.str1.4
                0x10007cb0       0x7d CMakeFiles/firmware.dir/C_/Program_Files/Raspberry_Pi/Pico_SDK_v1.5.1/pico-sdk/src/rp2_common/pico_runtime/runtime.c.obj
 *fill*         0x10007d2d        0x3 
 .rodata.panic.str1.4
                0x10007d30       0x12 CMakeFiles/firmware.dir/C_/Program_Files/Raspberry_Pi/Pico_SDK_v1.5.1/pico-sdk/src/rp2_common/pico_runtime/runtime.c.obj
 *fill*         0x10007d42        0x2 
 .rodata.__func__.2
                0x10007d44        0xd CMakeFiles/firmware.dir/C_/Program_Files/Raspberry_Pi/Pico_SDK_v1.5.1/pico-sdk/src/rp2_common/pico_runtime/runtime.c.obj
 *fill*         0x10007d51        0x3 
 .rodata._ftoa.str1.4
                0x10007d54       0x15 CMakeFiles/firmware.dir/C_/Program_Files/Raspberry_Pi/Pico_SDK_v1.5.1/pico-sdk/src/rp2_common/pico_printf/printf.c.obj
 *fill*         0x10007d69        0x3 
 .rodata._vsnprintf
                0x10007d6c      0x1e0 CMakeFiles/firmware.dir/C_/Program_Files/Raspberry_Pi/Pico_SDK_v1.5.1/pico-sdk/src/rp2_common/pico_printf/printf.c.obj
 *fill*         0x10007f4c        0x4 
 .rodata.pow10.0
                0x10007f50       0x50 CMakeFiles/firmware.dir/C_/Program_Files/Raspberry_Pi/Pico_SDK_v1.5.1/pico-sdk/src/rp2_common/pico_printf/printf.c.obj
 .rodata.__aeabi_double_init.str1.4
                0x10007fa0       0xb8 CMakeFiles/firmware.dir/C_/Program_Files/Raspberry_Pi/Pico_SDK_v1.5.1/pico-sdk/src/rp2_common/pico_double/double_init_rom.c.obj
 .rodata.__func__.0
                0x10008058       0x14 CMakeFiles/firmware.dir/C_/Program_Files/Raspberry_Pi/Pico_SDK_v1.5.1/pico-sdk/src/rp2_common/pico_double/double_init_rom.c.obj
 .rodata.__aeabi_float_init.str1.4
                0x1000806c       0x96 CMakeFiles/firmware.dir/C_/Program_Files/Raspberry_Pi/Pico_SDK_v1.5.1/pico-sdk/src/rp2_common/pico_float/float_init_rom.c.obj
                                 0x9a (size before relaxing)
 *fill*         0x10008102        0x2 
 .rodata.__func__.0
                0x10008104       0x13 CMakeFiles/firmware.dir/C_/Program_Files/Raspberry_Pi/Pico_SDK_v1.5.1/pico-sdk/src/rp2_common/pico_float/float_init_rom.c.obj
 *fill*         0x10008117        0x1 
 .rodata.str1.4
                0x10008118       0x40 CMakeFiles/firmware.dir/C_/Program_Files/Raspberry_Pi/Pico_SDK_v1.5.1/pico-sdk/src/rp2_common/pico_standard_link/binary_info.c.obj
 .rodata.__bi_44
                0x10008158        0xc CMakeFiles/firmware.dir/C_/Program_Files/Raspberry_Pi/Pico_SDK_v1.5.1/pico-sdk/src/rp2_common/pico_standard_link/binary_info.c.obj
 .rodata.__bi_75
                0x10008164        0xc CMakeFiles/firmware.dir/C_/Program_Files/Raspberry_Pi/Pico_SDK_v1.5.1/pico-sdk/src/rp2_common/pico_standard_link/binary_info.c.obj
 .rodata.__bi_81
                0x10008170        0xc CMakeFiles/firmware.dir/C_/Program_Files/Raspberry_Pi/Pico_SDK_v1.5.1/pico-sdk/src/rp2_common/pico_standard_link/binary_info.c.obj
 .rodata.stdout_serialize_begin.str1.4
                0x1000817c       0x7d CMakeFiles/firmware.dir/C_/Program_Files/Raspberry_Pi/Pico_SDK_v1.5.1/pico-sdk/src/rp2_common/pico_stdio/stdio.c.obj
 .rodata.__func__.3
                0x1000817c       0x15 CMakeFiles/firmware.dir/C_/Program_Files/Raspberry_Pi/Pico_SDK_v1.5.1/pico-sdk/src/rp2_common/pico_stdio/stdio.c.obj
 *fill*         0x10008191        0x3 
 .rodata.crlf_str.2
                0x10008194        0x2 CMakeFiles/firmware.dir/C_/Program_Files/Raspberry_Pi/Pico_SDK_v1.5.1/pico-sdk/src/rp2_common/pico_stdio/stdio.c.obj
 *fill*         0x10008196        0x2 
 .rodata._hw_endpoint_alloc.str1.4
                0x10008198       0xd1 CMakeFiles/firmware.dir/C_/Program_Files/Raspberry_Pi/Pico_SDK_v1.5.1/pico-sdk/lib/tinyusb/src/portable/raspberrypi/rp2040/dcd_rp2040.c.obj
 *fill*         0x10008269        0x3 
 .rodata.str1.4
                0x1000826c       0x14 CMakeFiles/firmware.dir/C_/Program_Files/Raspberry_Pi/Pico_SDK_v1.5.1/pico-sdk/lib/tinyusb/src/portable/raspberrypi/rp2040/dcd_rp2040.c.obj
 .rodata.dcd_int_enable.str1.4
                0x10008280        0xc CMakeFiles/firmware.dir/C_/Program_Files/Raspberry_Pi/Pico_SDK_v1.5.1/pico-sdk/lib/tinyusb/src/portable/raspberrypi/rp2040/dcd_rp2040.c.obj
 .rodata.__func__.0
                0x1000828c        0xe CMakeFiles/firmware.dir/C_/Program_Files/Raspberry_Pi/Pico_SDK_v1.5.1/pico-sdk/lib/tinyusb/src/portable/raspberrypi/rp2040/dcd_rp2040.c.obj
 *fill*         0x1000829a        0x2 
 .rodata.__func__.1
                0x1000829c        0xe CMakeFiles/firmware.dir/C_/Program_Files/Raspberry_Pi/Pico_SDK_v1.5.1/pico-sdk/lib/tinyusb/src/portable/raspberrypi/rp2040/dcd_rp2040.c.obj
 *fill*         0x100082aa        0x2 
 .rodata.__func__.2
                0x100082ac       0x12 CMakeFiles/firmware.dir/C_/Program_Files/Raspberry_Pi/Pico_SDK_v1.5.1/pico-sdk/lib/tinyusb/src/portable/raspberrypi/rp2040/dcd_rp2040.c.obj
 *fill*         0x100082be        0x2 
 .rodata.__func__.3
                0x100082c0       0x10 CMakeFiles/firmware.dir/C_/Program_Files/Raspberry_Pi/Pico_SDK_v1.5.1/pico-sdk/lib/tinyusb/src/portable/raspberrypi/rp2040/dcd_rp2040.c.obj
 .rodata.__func__.5
                0x100082d0        0xf CMakeFiles/firmware.dir/C_/Program_Files/Raspberry_Pi/Pico_SDK_v1.5.1/pico-sdk/lib/tinyusb/src/portable/raspberrypi/rp2040/dcd_rp2040.c.obj
 *fill*         0x100082df        0x1 
 .rodata.__func__.6
                0x100082e0       0x13 CMakeFiles/firmware.dir/C_/Program_Files/Raspberry_Pi/Pico_SDK_v1.5.1/pico-sdk/lib/tinyusb/src/portable/raspberrypi/rp2040/dcd_rp2040.c.obj
 *fill*         0x100082f3        0x1 
 .rodata.__func__.7
                0x100082f4        0x9 CMakeFiles/firmware.dir/C_/Program_Files/Raspberry_Pi/Pico_SDK_v1.5.1/pico-sdk/lib/tinyusb/src/portable/raspberrypi/rp2040/dcd_rp2040.c.obj
 *fill*         0x100082fd        0x3 
 .rodata.str1.4
                0x10008300      0x103 CMakeFiles/firmware.dir/C_/Program_Files/Raspberry_Pi/Pico_SDK_v1.5.1/pico-sdk/lib/tinyusb/src/portable/raspberrypi/rp2040/rp2040_usb.c.obj
 *fill*         0x10008403        0x1 
 .rodata.__func__.0
                0x10008404        0xf CMakeFiles/firmware.dir/C_/Program_Files/Raspberry_Pi/Pico_SDK_v1.5.1/pico-sdk/lib/tinyusb/src/portable/raspberrypi/rp2040/rp2040_usb.c.obj
 *fill*         0x10008413        0x1 
 .rodata.process_get_descriptor
                0x10008414       0x40 CMakeFiles/firmware.dir/C_/Program_Files/Raspberry_Pi/Pico_SDK_v1.5.1/pico-sdk/lib/tinyusb/src/device/usbd.c.obj
 .rodata.process_control_request
                0x10008454       0x28 CMakeFiles/firmware.dir/C_/Program_Files/Raspberry_Pi/Pico_SDK_v1.5.1/pico-sdk/lib/tinyusb/src/device/usbd.c.obj
 .rodata.tud_task_ext
                0x1000847c       0x24 CMakeFiles/firmware.dir/C_/Program_Files/Raspberry_Pi/Pico_SDK_v1.5.1/pico-sdk/lib/tinyusb/src/device/usbd.c.obj
 .rodata._usbd_driver
                0x100084a0       0x30 CMakeFiles/firmware.dir/C_/Program_Files/Raspberry_Pi/Pico_SDK_v1.5.1/pico-sdk/lib/tinyusb/src/device/usbd.c.obj
 .rodata.hidd_control_xfer_cb
                0x100084d0       0x30 CMakeFiles/firmware.dir/C_/Program_Files/Raspberry_Pi/Pico_SDK_v1.5.1/pico-sdk/lib/tinyusb/src/class/hid/hid_device.c.obj
 .rodata.str1.4
                0x10008500        0x4 CMakeFiles/firmware.dir/C_/Program_Files/Raspberry_Pi/Pico_SDK_v1.5.1/pico-sdk/lib/tinyusb/hw/bsp/rp2040/family.c.obj
 .rodata.__bi_142.0
                0x10008504        0xc CMakeFiles/firmware.dir/C_/Program_Files/Raspberry_Pi/Pico_SDK_v1.5.1/pico-sdk/lib/tinyusb/hw/bsp/rp2040/family.c.obj
 .rodata.__bi_152.1
                0x10008510        0x8 CMakeFiles/firmware.dir/C_/Program_Files/Raspberry_Pi/Pico_SDK_v1.5.1/pico-sdk/lib/tinyusb/hw/bsp/rp2040/family.c.obj
                0x10008518                . = ALIGN (0x4)
 *(SORT_BY_ALIGNMENT(SORT_BY_NAME(.flashdata*)))
                0x10008518                . = ALIGN (0x4)

.ARM.extab
 *(.ARM.extab* .gnu.linkonce.armextab.*)
                0x10008518                __exidx_start = .

.ARM.exidx
 *(.ARM.exidx* .gnu.linkonce.armexidx.*)
                0x10008518                __exidx_end = .
                0x10008518                . = ALIGN (0x4)
                0x10008518                __binary_info_start = .

.binary_info    0x10008518       0x24
 *(.binary_info.keep.*)
 .binary_info.keep.__bi_ptr22
                0x10008518        0x4 CMakeFiles/firmware.dir/C_/Program_Files/Raspberry_Pi/Pico_SDK_v1.5.1/pico-sdk/src/rp2_common/pico_standard_link/binary_info.c.obj
 .binary_info.keep.__bi_ptr30
                0x1000851c        0x4 CMakeFiles/firmware.dir/C_/Program_Files/Raspberry_Pi/Pico_SDK_v1.5.1/pico-sdk/src/rp2_common/pico_standard_link/binary_info.c.obj
 .binary_info.keep.__bi_ptr38
                0x10008520        0x4 CMakeFiles/firmware.dir/C_/Program_Files/Raspberry_Pi/Pico_SDK_v1.5.1/pico-sdk/src/rp2_common/pico_standard_link/binary_info.c.obj
 .binary_info.keep.__bi_ptr44
                0x10008524        0x4 CMakeFiles/firmware.dir/C_/Program_Files/Raspberry_Pi/Pico_SDK_v1.5.1/pico-sdk/src/rp2_common/pico_standard_link/binary_info.c.obj
 .binary_info.keep.__bi_ptr50
                0x10008528        0x4 CMakeFiles/firmware.dir/C_/Program_Files/Raspberry_Pi/Pico_SDK_v1.5.1/pico-sdk/src/rp2_common/pico_standard_link/binary_info.c.obj
 .binary_info.keep.__bi_ptr75
                0x1000852c        0x4 CMakeFiles/firmware.dir/C_/Program_Files/Raspberry_Pi/Pico_SDK_v1.5.1/pico-sdk/src/rp2_common/pico_standard_link/binary_info.c.obj
 .binary_info.keep.__bi_ptr81
                0x10008530        0x4 CMakeFiles/firmware.dir/C_/Program_Files/Raspberry_Pi/Pico_SDK_v1.5.1/pico-sdk/src/rp2_common/pico_standard_link/binary_info.c.obj
 .binary_info.keep.__bi_ptr142
                0x10008534        0x4 CMakeFiles/firmware.dir/C_/Program_Files/Raspberry_Pi/Pico_SDK_v1.5.1/pico-sdk/lib/tinyusb/hw/bsp/rp2040/family.c.obj
 .binary_info.keep.__bi_ptr152
                0x10008538        0x4 CMakeFiles/firmware.dir/C_/Program_Files/Raspberry_Pi/Pico_SDK_v1.5.1/pico-sdk/lib/tinyusb/hw/bsp/rp2040/family.c.obj
 *(.binary_info.*)
                0x1000853c                __binary_info_end = .

.rel.dyn        0x1000853c        0x0
 .rel.iplt      0x1000853c        0x0 c:/progra~1/raspbe~1/picosd~1.1/gcc-ar~1/bin/../lib/gcc/arm-none-eabi/10.3.1/thumb/v6-m/nofp/crtbegin.o
                0x1000853c                . = ALIGN (0x4)

.ram_vector_table
                0x20000000       0xc0
 *(.ram_vector_table)
 .ram_vector_table
                0x20000000       0xc0 CMakeFiles/firmware.dir/C_/Program_Files/Raspberry_Pi/Pico_SDK_v1.5.1/pico-sdk/src/rp2_common/pico_runtime/runtime.c.obj
                0x20000000                ram_vector_table

.data           0x200000c0      0xb2c load address 0x1000853c
                0x200000c0                __data_start__ = .
 *(vtable)
 *(.time_critical*)
 .time_critical.mutex_try_enter
                0x200000c0       0x46 CMakeFiles/firmware.dir/C_/Program_Files/Raspberry_Pi/Pico_SDK_v1.5.1/pico-sdk/src/common/pico_sync/mutex.c.obj
                0x200000c0                mutex_try_enter
 *fill*         0x20000106        0x2 
 .time_critical.mutex_enter_block_until
                0x20000108       0x8c CMakeFiles/firmware.dir/C_/Program_Files/Raspberry_Pi/Pico_SDK_v1.5.1/pico-sdk/src/common/pico_sync/mutex.c.obj
                0x20000108                mutex_enter_block_until
 .time_critical.mutex_try_enter_block_until
                0x20000194       0x34 CMakeFiles/firmware.dir/C_/Program_Files/Raspberry_Pi/Pico_SDK_v1.5.1/pico-sdk/src/common/pico_sync/mutex.c.obj
                0x20000194                mutex_try_enter_block_until
 .time_critical.mutex_enter_timeout_ms
                0x200001c8       0x68 CMakeFiles/firmware.dir/C_/Program_Files/Raspberry_Pi/Pico_SDK_v1.5.1/pico-sdk/src/common/pico_sync/mutex.c.obj
                0x200001c8                mutex_enter_timeout_ms
 .time_critical.mutex_exit
                0x20000230       0x4c CMakeFiles/firmware.dir/C_/Program_Files/Raspberry_Pi/Pico_SDK_v1.5.1/pico-sdk/src/common/pico_sync/mutex.c.obj
                0x20000230                mutex_exit
 .time_critical.reset_non_control_endpoints
                0x2000027c       0x40 CMakeFiles/firmware.dir/C_/Program_Files/Raspberry_Pi/Pico_SDK_v1.5.1/pico-sdk/lib/tinyusb/src/portable/raspberrypi/rp2040/dcd_rp2040.c.obj
 .time_critical.hw_handle_buff_status
                0x200002bc       0xa4 CMakeFiles/firmware.dir/C_/Program_Files/Raspberry_Pi/Pico_SDK_v1.5.1/pico-sdk/lib/tinyusb/src/portable/raspberrypi/rp2040/dcd_rp2040.c.obj
 .time_critical.dcd_rp2040_irq
                0x20000360      0x1cc CMakeFiles/firmware.dir/C_/Program_Files/Raspberry_Pi/Pico_SDK_v1.5.1/pico-sdk/lib/tinyusb/src/portable/raspberrypi/rp2040/dcd_rp2040.c.obj
 .time_critical.e15_is_bulkin_ep
                0x2000052c       0x2c CMakeFiles/firmware.dir/C_/Program_Files/Raspberry_Pi/Pico_SDK_v1.5.1/pico-sdk/lib/tinyusb/src/portable/raspberrypi/rp2040/rp2040_usb.c.obj
 .time_critical.e15_is_critical_frame_period
                0x20000558       0x30 CMakeFiles/firmware.dir/C_/Program_Files/Raspberry_Pi/Pico_SDK_v1.5.1/pico-sdk/lib/tinyusb/src/portable/raspberrypi/rp2040/rp2040_usb.c.obj
 .time_critical.prepare_ep_buffer
                0x20000588       0x70 CMakeFiles/firmware.dir/C_/Program_Files/Raspberry_Pi/Pico_SDK_v1.5.1/pico-sdk/lib/tinyusb/src/portable/raspberrypi/rp2040/rp2040_usb.c.obj
 .time_critical.sync_ep_buffer
                0x200005f8       0x80 CMakeFiles/firmware.dir/C_/Program_Files/Raspberry_Pi/Pico_SDK_v1.5.1/pico-sdk/lib/tinyusb/src/portable/raspberrypi/rp2040/rp2040_usb.c.obj
 .time_critical._hw_endpoint_xfer_sync
                0x20000678       0x28 CMakeFiles/firmware.dir/C_/Program_Files/Raspberry_Pi/Pico_SDK_v1.5.1/pico-sdk/lib/tinyusb/src/portable/raspberrypi/rp2040/rp2040_usb.c.obj
 .time_critical.hw_endpoint_reset_transfer
                0x200006a0        0xc CMakeFiles/firmware.dir/C_/Program_Files/Raspberry_Pi/Pico_SDK_v1.5.1/pico-sdk/lib/tinyusb/src/portable/raspberrypi/rp2040/rp2040_usb.c.obj
                0x200006a0                hw_endpoint_reset_transfer
 .time_critical._hw_endpoint_buffer_control_update32
                0x200006ac       0x58 CMakeFiles/firmware.dir/C_/Program_Files/Raspberry_Pi/Pico_SDK_v1.5.1/pico-sdk/lib/tinyusb/src/portable/raspberrypi/rp2040/rp2040_usb.c.obj
                0x200006ac                _hw_endpoint_buffer_control_update32
 .time_critical.hw_endpoint_start_next_buffer
                0x20000704       0x88 CMakeFiles/firmware.dir/C_/Program_Files/Raspberry_Pi/Pico_SDK_v1.5.1/pico-sdk/lib/tinyusb/src/portable/raspberrypi/rp2040/rp2040_usb.c.obj
                0x20000704                hw_endpoint_start_next_buffer
 .time_critical.hw_endpoint_xfer_continue
                0x2000078c       0x50 CMakeFiles/firmware.dir/C_/Program_Files/Raspberry_Pi/Pico_SDK_v1.5.1/pico-sdk/lib/tinyusb/src/portable/raspberrypi/rp2040/rp2040_usb.c.obj
                0x2000078c                hw_endpoint_xfer_continue
 .time_critical.tinyusb
                0x200007dc      0x204 CMakeFiles/firmware.dir/C_/Program_Files/Raspberry_Pi/Pico_SDK_v1.5.1/pico-sdk/lib/tinyusb/src/device/usbd.c.obj
                0x200007dc                dcd_event_handler
 .time_critical.get_bootsel_button
                0x200009e0       0x60 CMakeFiles/firmware.dir/C_/Program_Files/Raspberry_Pi/Pico_SDK_v1.5.1/pico-sdk/lib/tinyusb/hw/bsp/rp2040/family.c.obj
                0x200009e0                get_bootsel_button
 *(.text*)
 .text          0x20000a40        0x4 c:/progra~1/raspbe~1/picosd~1.1/gcc-ar~1/bin/../lib/gcc/arm-none-eabi/10.3.1/thumb/v6-m/nofp\libgcc.a(_dvmd_tls.o)
                0x20000a40                __aeabi_idiv0
                0x20000a40                __aeabi_ldiv0
 *fill*         0x20000a44        0x4 
 .text.__stub   0x20000a48       0x90 linker stubs
                0x20000ad8                . = ALIGN (0x4)
 *(.rodata*)
                0x20000ad8                . = ALIGN (0x4)
 *(.data*)
 .data.blink_interval_ms
                0x20000ad8        0x4 CMakeFiles/firmware.dir/src/tusb/tud_utils.c.obj
 .data.first_ten_times.4
                0x20000adc        0x1 CMakeFiles/firmware.dir/src/tusb/tud_utils.c.obj
 *fill*         0x20000add        0x3 
 .data.string_desc_arr
                0x20000ae0       0x14 CMakeFiles/firmware.dir/src/tusb/usb_descriptors.c.obj
                0x20000ae0                string_desc_arr
 .data.striped_spin_lock_num
                0x20000af4        0x1 CMakeFiles/firmware.dir/C_/Program_Files/Raspberry_Pi/Pico_SDK_v1.5.1/pico-sdk/src/rp2_common/hardware_sync/sync.c.obj
 *fill*         0x20000af5        0x3 
 .data          0x20000af8       0x48 CMakeFiles/firmware.dir/C_/Program_Files/Raspberry_Pi/Pico_SDK_v1.5.1/pico-sdk/src/rp2_common/hardware_irq/irq_handler_chain.S.obj
                0x20000af8                irq_handler_chain_slots
                0x20000b28                irq_handler_chain_first_slot
                0x20000b32                irq_handler_chain_remove_tail
 .data.default_alarm_pool
                0x20000b40       0x18 CMakeFiles/firmware.dir/C_/Program_Files/Raspberry_Pi/Pico_SDK_v1.5.1/pico-sdk/src/common/pico_time/time.c.obj
 .data.default_alarm_pool_heap
                0x20000b58       0x10 CMakeFiles/firmware.dir/C_/Program_Files/Raspberry_Pi/Pico_SDK_v1.5.1/pico-sdk/src/common/pico_time/time.c.obj
 *fill*         0x20000b68        0x8 
 .data.aeabi_bits_funcs
                0x20000b70       0x10 CMakeFiles/firmware.dir/C_/Program_Files/Raspberry_Pi/Pico_SDK_v1.5.1/pico-sdk/src/rp2_common/pico_bit_ops/bit_ops_aeabi.S.obj
                0x20000b70                aeabi_bits_funcs
                0x20000b80                aeabi_bits_funcs_end
 .data.aeabi_mem_funcs
                0x20000b80       0x10 CMakeFiles/firmware.dir/C_/Program_Files/Raspberry_Pi/Pico_SDK_v1.5.1/pico-sdk/src/rp2_common/pico_mem_ops/mem_ops_aeabi.S.obj
                0x20000b80                aeabi_mem_funcs
                0x20000b90                aeabi_mem_funcs_end
 .data.stdio_uart
                0x20000b90       0x18 CMakeFiles/firmware.dir/C_/Program_Files/Raspberry_Pi/Pico_SDK_v1.5.1/pico-sdk/src/rp2_common/pico_stdio_uart/stdio_uart.c.obj
                0x20000b90                stdio_uart
 .data.ep_dir_string
                0x20000ba8        0x8 CMakeFiles/firmware.dir/C_/Program_Files/Raspberry_Pi/Pico_SDK_v1.5.1/pico-sdk/lib/tinyusb/src/portable/raspberrypi/rp2040/rp2040_usb.c.obj
                0x20000ba8                ep_dir_string
 .data._usbd_qdef
                0x20000bb0       0x1c CMakeFiles/firmware.dir/C_/Program_Files/Raspberry_Pi/Pico_SDK_v1.5.1/pico-sdk/lib/tinyusb/src/device/usbd.c.obj
                0x20000bb0                _usbd_qdef
 .data._usbd_rhport
                0x20000bcc        0x1 CMakeFiles/firmware.dir/C_/Program_Files/Raspberry_Pi/Pico_SDK_v1.5.1/pico-sdk/lib/tinyusb/src/device/usbd.c.obj
                0x20000bd0                . = ALIGN (0x4)
 *fill*         0x20000bcd        0x3 
 *(.after_data.*)
                0x20000bd0                . = ALIGN (0x4)
                0x20000bd0                PROVIDE (__mutex_array_start = .)
 *(SORT_BY_NAME(.mutex_array.*))
 *(.mutex_array)
 .mutex_array   0x20000bd0        0x8 CMakeFiles/firmware.dir/C_/Program_Files/Raspberry_Pi/Pico_SDK_v1.5.1/pico-sdk/src/rp2_common/pico_stdio/stdio.c.obj
                0x20000bd8                PROVIDE (__mutex_array_end = .)
                0x20000bd8                . = ALIGN (0x4)